Archive member included because of file (symbol)

C:\CodeSourcery\Sourcery G++ Lite/arm-none-eabi/lib/thumb2\libc.a(lib_a-vsprintf.o)
                              uart.o (vsprintf)
C:\CodeSourcery\Sourcery G++ Lite/arm-none-eabi/lib/thumb2\libc.a(lib_a-impure.o)
                              C:\CodeSourcery\Sourcery G++ Lite/arm-none-eabi/lib/thumb2\libc.a(lib_a-vsprintf.o) (_impure_ptr)
C:\CodeSourcery\Sourcery G++ Lite/arm-none-eabi/lib/thumb2\libc.a(lib_a-svfprintf.o)
                              C:\CodeSourcery\Sourcery G++ Lite/arm-none-eabi/lib/thumb2\libc.a(lib_a-vsprintf.o) (_svfprintf_r)
C:\CodeSourcery\Sourcery G++ Lite/arm-none-eabi/lib/thumb2\libc.a(lib_a-dtoa.o)
                              C:\CodeSourcery\Sourcery G++ Lite/arm-none-eabi/lib/thumb2\libc.a(lib_a-svfprintf.o) (_dtoa_r)
C:\CodeSourcery\Sourcery G++ Lite/arm-none-eabi/lib/thumb2\libc.a(lib_a-locale.o)
                              C:\CodeSourcery\Sourcery G++ Lite/arm-none-eabi/lib/thumb2\libc.a(lib_a-svfprintf.o) (_localeconv_r)
C:\CodeSourcery\Sourcery G++ Lite/arm-none-eabi/lib/thumb2\libc.a(lib_a-malloc.o)
                              C:\CodeSourcery\Sourcery G++ Lite/arm-none-eabi/lib/thumb2\libc.a(lib_a-dtoa.o) (malloc)
C:\CodeSourcery\Sourcery G++ Lite/arm-none-eabi/lib/thumb2\libc.a(lib_a-mallocr.o)
                              C:\CodeSourcery\Sourcery G++ Lite/arm-none-eabi/lib/thumb2\libc.a(lib_a-svfprintf.o) (_malloc_r)
C:\CodeSourcery\Sourcery G++ Lite/arm-none-eabi/lib/thumb2\libc.a(lib_a-memchr-stub.o)
                              C:\CodeSourcery\Sourcery G++ Lite/arm-none-eabi/lib/thumb2\libc.a(lib_a-svfprintf.o) (memchr)
C:\CodeSourcery\Sourcery G++ Lite/arm-none-eabi/lib/thumb2\libc.a(lib_a-memcpy-stub.o)
                              C:\CodeSourcery\Sourcery G++ Lite/arm-none-eabi/lib/thumb2\libc.a(lib_a-dtoa.o) (memcpy)
C:\CodeSourcery\Sourcery G++ Lite/arm-none-eabi/lib/thumb2\libc.a(lib_a-mlock.o)
                              C:\CodeSourcery\Sourcery G++ Lite/arm-none-eabi/lib/thumb2\libc.a(lib_a-mallocr.o) (__malloc_lock)
C:\CodeSourcery\Sourcery G++ Lite/arm-none-eabi/lib/thumb2\libc.a(lib_a-mprec.o)
                              C:\CodeSourcery\Sourcery G++ Lite/arm-none-eabi/lib/thumb2\libc.a(lib_a-dtoa.o) (_Balloc)
C:\CodeSourcery\Sourcery G++ Lite/arm-none-eabi/lib/thumb2\libc.a(lib_a-s_fpclassify.o)
                              C:\CodeSourcery\Sourcery G++ Lite/arm-none-eabi/lib/thumb2\libc.a(lib_a-svfprintf.o) (__fpclassifyd)
C:\CodeSourcery\Sourcery G++ Lite/arm-none-eabi/lib/thumb2\libc.a(lib_a-sbrkr.o)
                              C:\CodeSourcery\Sourcery G++ Lite/arm-none-eabi/lib/thumb2\libc.a(lib_a-mallocr.o) (_sbrk_r)
C:\CodeSourcery\Sourcery G++ Lite/arm-none-eabi/lib/thumb2\libc.a(lib_a-strcmp.o)
                              C:\CodeSourcery\Sourcery G++ Lite/arm-none-eabi/lib/thumb2\libc.a(lib_a-locale.o) (strcmp)
C:\CodeSourcery\Sourcery G++ Lite/arm-none-eabi/lib/thumb2\libc.a(lib_a-strlen.o)
                              C:\CodeSourcery\Sourcery G++ Lite/arm-none-eabi/lib/thumb2\libc.a(lib_a-svfprintf.o) (strlen)
C:\CodeSourcery\Sourcery G++ Lite/arm-none-eabi/lib/thumb2\libc.a(lib_a-svfiprintf.o)
                              C:\CodeSourcery\Sourcery G++ Lite/arm-none-eabi/lib/thumb2\libc.a(lib_a-svfprintf.o) (__ssprint_r)
C:\CodeSourcery\Sourcery G++ Lite/arm-none-eabi/lib/thumb2\libc.a(lib_a-callocr.o)
                              C:\CodeSourcery\Sourcery G++ Lite/arm-none-eabi/lib/thumb2\libc.a(lib_a-mprec.o) (_calloc_r)
C:\CodeSourcery\Sourcery G++ Lite/arm-none-eabi/lib/thumb2\libc.a(lib_a-freer.o)
                              C:\CodeSourcery\Sourcery G++ Lite/arm-none-eabi/lib/thumb2\libc.a(lib_a-malloc.o) (_free_r)
C:\CodeSourcery\Sourcery G++ Lite/arm-none-eabi/lib/thumb2\libc.a(lib_a-memmove.o)
                              C:\CodeSourcery\Sourcery G++ Lite/arm-none-eabi/lib/thumb2\libc.a(lib_a-svfiprintf.o) (memmove)
C:\CodeSourcery\Sourcery G++ Lite/arm-none-eabi/lib/thumb2\libc.a(lib_a-memset.o)
                              C:\CodeSourcery\Sourcery G++ Lite/arm-none-eabi/lib/thumb2\libc.a(lib_a-callocr.o) (memset)
C:\CodeSourcery\Sourcery G++ Lite/arm-none-eabi/lib/thumb2\libc.a(lib_a-reallocr.o)
                              C:\CodeSourcery\Sourcery G++ Lite/arm-none-eabi/lib/thumb2\libc.a(lib_a-svfiprintf.o) (_realloc_r)
C:\CodeSourcery\Sourcery G++ Lite/arm-none-eabi/lib/thumb2\libc.a(lib_a-reent.o)
                              C:\CodeSourcery\Sourcery G++ Lite/arm-none-eabi/lib/thumb2\libc.a(lib_a-sbrkr.o) (errno)
C:\CodeSourcery\Sourcery G++ Lite/lib/gcc/arm-none-eabi/4.8.1/thumb2\libgcc.a(_udivsi3.o)
                              C:\CodeSourcery\Sourcery G++ Lite/arm-none-eabi/lib/thumb2\libc.a(lib_a-dtoa.o) (__aeabi_uidiv)
C:\CodeSourcery\Sourcery G++ Lite/lib/gcc/arm-none-eabi/4.8.1/thumb2\libgcc.a(_dvmd_tls.o)
                              C:\CodeSourcery\Sourcery G++ Lite/lib/gcc/arm-none-eabi/4.8.1/thumb2\libgcc.a(_udivsi3.o) (__aeabi_idiv0)
C:\CodeSourcery\Sourcery G++ Lite/lib/gcc/arm-none-eabi/4.8.1/thumb2\libgcc.a(_arm_addsubdf3.o)
                              uart.o (__aeabi_dsub)
C:\CodeSourcery\Sourcery G++ Lite/lib/gcc/arm-none-eabi/4.8.1/thumb2\libgcc.a(_arm_muldivdf3.o)
                              systick.o (__aeabi_dmul)
C:\CodeSourcery\Sourcery G++ Lite/lib/gcc/arm-none-eabi/4.8.1/thumb2\libgcc.a(_arm_cmpdf2.o)
                              C:\CodeSourcery\Sourcery G++ Lite/arm-none-eabi/lib/thumb2\libc.a(lib_a-svfprintf.o) (__aeabi_dcmpeq)
C:\CodeSourcery\Sourcery G++ Lite/lib/gcc/arm-none-eabi/4.8.1/thumb2\libgcc.a(_arm_fixdfsi.o)
                              uart.o (__aeabi_d2iz)
C:\CodeSourcery\Sourcery G++ Lite/lib/gcc/arm-none-eabi/4.8.1/thumb2\libgcc.a(_arm_fixunsdfsi.o)
                              systick.o (__aeabi_d2uiz)
C:\CodeSourcery\Sourcery G++ Lite/lib/gcc/arm-none-eabi/4.8.1/thumb2\libgcc.a(_aeabi_uldivmod.o)
                              C:\CodeSourcery\Sourcery G++ Lite/arm-none-eabi/lib/thumb2\libc.a(lib_a-svfprintf.o) (__aeabi_uldivmod)
C:\CodeSourcery\Sourcery G++ Lite/lib/gcc/arm-none-eabi/4.8.1/thumb2\libgcc.a(bpabi.o)
                              C:\CodeSourcery\Sourcery G++ Lite/lib/gcc/arm-none-eabi/4.8.1/thumb2\libgcc.a(_aeabi_uldivmod.o) (__gnu_uldivmod_helper)
C:\CodeSourcery\Sourcery G++ Lite/lib/gcc/arm-none-eabi/4.8.1/thumb2\libgcc.a(_divdi3.o)
                              C:\CodeSourcery\Sourcery G++ Lite/lib/gcc/arm-none-eabi/4.8.1/thumb2\libgcc.a(bpabi.o) (__divdi3)
C:\CodeSourcery\Sourcery G++ Lite/lib/gcc/arm-none-eabi/4.8.1/thumb2\libgcc.a(_udivdi3.o)
                              C:\CodeSourcery\Sourcery G++ Lite/lib/gcc/arm-none-eabi/4.8.1/thumb2\libgcc.a(bpabi.o) (__udivdi3)

Allocating common symbols
Common symbol       size              file

errno               0x4               C:\CodeSourcery\Sourcery G++ Lite/arm-none-eabi/lib/thumb2\libc.a(lib_a-reent.o)

Memory Configuration

Name             Origin             Length             Attributes
ROM              0x08003000         0x0000d000         xr
RAM              0x20000000         0x00005000         xrw
*default*        0x00000000         0xffffffff

Linker script and memory map

LOAD adc.o
LOAD clock.o
LOAD core_cm3.o
LOAD key.o
LOAD led.o
LOAD main.o
LOAD runtime.o
LOAD stm32f10x_it.o
LOAD systick.o
LOAD timer.o
LOAD uart.o
LOAD crt0.o
LOAD C:\CodeSourcery\Sourcery G++ Lite/arm-none-eabi/lib/thumb2\libm.a
LOAD C:\CodeSourcery\Sourcery G++ Lite/arm-none-eabi/lib/thumb2\libc.a
LOAD C:\CodeSourcery\Sourcery G++ Lite/lib/gcc/arm-none-eabi/4.8.1/thumb2\libgcc.a

.text           0x08003000     0x73d8
 crt0.o(.text)
 .text          0x08003000      0x1ec crt0.o
                0x080030ec                __start
                0x08003126                _Print_Reg
                0x080031b8                _HardFault_Handler
 *(.text)
 .text          0x080031ec      0x100 adc.o
                0x080031ec                Adc_Cds_Init
                0x08003258                Adc_Start
                0x08003274                Adc_Stop
                0x08003290                Adc_Get_Status
                0x080032dc                Adc_Get_Data
 .text          0x080032ec       0x58 clock.o
                0x080032ec                Clock_Init
 .text          0x08003344       0xa4 core_cm3.o
                0x08003344                __get_PSP
                0x0800334c                __set_PSP
                0x08003354                __get_MSP
                0x0800335c                __set_MSP
                0x08003364                __get_BASEPRI
                0x0800336c                __set_BASEPRI
                0x08003374                __get_PRIMASK
                0x0800337c                __set_PRIMASK
                0x08003384                __get_FAULTMASK
                0x0800338c                __set_FAULTMASK
                0x08003394                __get_CONTROL
                0x0800339c                __set_CONTROL
                0x080033a4                __REV
                0x080033a8                __REV16
                0x080033ac                __REVSH
                0x080033b0                __RBIT
                0x080033b8                __LDREXB
                0x080033c0                __LDREXH
                0x080033c8                __LDREXW
                0x080033d0                __STREXB
                0x080033d8                __STREXH
                0x080033e0                __STREXW
 .text          0x080033e8      0x158 key.o
                0x080033e8                Key_Poll_Init
                0x08003410                Key_Get_Pressed
                0x0800343c                Key_Wait_Key_Released
                0x0800346c                Key_Wait_Key_Pressed
                0x0800349c                Key_ISR_Enable
 .text          0x08003540       0x74 led.o
                0x08003540                LED_Init
                0x08003570                LED_Display
                0x0800358c                LED_All_On
                0x080035a0                LED_All_Off
 .text          0x080035b4      0x468 main.o
                0x080037fc                Main
 .text          0x08003a1c       0x44 runtime.o
                0x08003a1c                _sbrk
 .text          0x08003a60      0x3f4 stm32f10x_it.o
                0x08003a98                Invalid_ISR
                0x08003acc                NMI_Handler
                0x08003adc                HardFault_Handler
                0x08003c08                MemManage_Handler
                0x08003c18                BusFault_Handler
                0x08003c28                UsageFault_Handler
                0x08003c38                SVC_Handler
                0x08003c48                DebugMon_Handler
                0x08003c58                PendSV_Handler
                0x08003c68                SysTick_Handler
                0x08003c78                WWDG_IRQHandler
                0x08003c80                PVD_IRQHandler
                0x08003c88                TAMPER_IRQHandler
                0x08003c90                RTC_IRQHandler
                0x08003c98                FLASH_IRQHandler
                0x08003ca0                RCC_IRQHandler
                0x08003ca8                EXTI0_IRQHandler
                0x08003cb0                EXTI1_IRQHandler
                0x08003cb8                EXTI2_IRQHandler
                0x08003cc0                EXTI3_IRQHandler
                0x08003cc8                EXTI4_IRQHandler
                0x08003cd0                DMA1_Channel1_IRQHandler
                0x08003cd8                DMA1_Channel2_IRQHandler
                0x08003ce0                DMA1_Channel3_IRQHandler
                0x08003ce8                DMA1_Channel4_IRQHandler
                0x08003cf0                DMA1_Channel5_IRQHandler
                0x08003cf8                DMA1_Channel6_IRQHandler
                0x08003d00                DMA1_Channel7_IRQHandler
                0x08003d08                ADC1_2_IRQHandler
                0x08003d10                USB_HP_CAN_TX_IRQHandler
                0x08003d18                USB_LP_CAN_RX0_IRQHandler
                0x08003d20                CAN_RX1_IRQHandler
                0x08003d28                CAN_SCE_IRQHandler
                0x08003d30                EXTI9_5_IRQHandler
                0x08003d64                TIM1_BRK_IRQHandler
                0x08003d6c                TIM1_UP_IRQHandler
                0x08003d74                TIM1_TRG_COM_IRQHandler
                0x08003d7c                TIM1_CC_IRQHandler
                0x08003d84                TIM2_IRQHandler
                0x08003d8c                TIM3_IRQHandler
                0x08003d94                TIM4_IRQHandler
                0x08003dcc                I2C1_EV_IRQHandler
                0x08003dd4                I2C1_ER_IRQHandler
                0x08003ddc                I2C2_EV_IRQHandler
                0x08003de4                I2C2_ER_IRQHandler
                0x08003dec                SPI1_IRQHandler
                0x08003df4                SPI2_IRQHandler
                0x08003dfc                USART1_IRQHandler
                0x08003e2c                USART2_IRQHandler
                0x08003e34                USART3_IRQHandler
                0x08003e3c                EXTI15_10_IRQHandler
                0x08003e44                RTCAlarm_IRQHandler
                0x08003e4c                USBWakeUp_IRQHandler
 *fill*         0x08003e54        0x4 
 .text          0x08003e58       0xc8 systick.o
                0x08003e58                SysTick_Run
                0x08003ea0                SysTick_Check_Timeout
                0x08003eb0                SysTick_Get_Time
                0x08003ebc                SysTick_Get_Load_Time
                0x08003ec8                SysTick_Stop
                0x08003ed8                SysTick_OS_Tick
 .text          0x08003f20      0x1b0 timer.o
                0x08003f20                TIM4_Delay
                0x08003fa8                TIM2_PWM_Init
                0x08004028                PWM_Set_Duty_Cycle
 .text          0x080040d0      0x210 uart.o
                0x080040d0                Uart1_Init
                0x08004188                Uart1_Send_Byte
                0x080041c4                Uart1_Send_String
                0x08004208                Uart1_Printf
                0x08004268                Uart1_Get_Pressed
                0x08004280                Uart1_Get_Char
                0x08004298                Uart1_RX_Interrupt_Enable
 .text          0x080042e0       0x50 C:\CodeSourcery\Sourcery G++ Lite/arm-none-eabi/lib/thumb2\libc.a(lib_a-vsprintf.o)
                0x080042e0                _vsprintf_r
                0x08004314                vsprintf
 .text          0x08004330        0x0 C:\CodeSourcery\Sourcery G++ Lite/arm-none-eabi/lib/thumb2\libc.a(lib_a-impure.o)
 .text          0x08004330     0x14b4 C:\CodeSourcery\Sourcery G++ Lite/arm-none-eabi/lib/thumb2\libc.a(lib_a-svfprintf.o)
                0x08004330                _svfprintf_r
 *fill*         0x080057e4        0x4 
 .text          0x080057e8     0x10d8 C:\CodeSourcery\Sourcery G++ Lite/arm-none-eabi/lib/thumb2\libc.a(lib_a-dtoa.o)
                0x08005934                _dtoa_r
 .text          0x080068c0       0x9c C:\CodeSourcery\Sourcery G++ Lite/arm-none-eabi/lib/thumb2\libc.a(lib_a-locale.o)
                0x080068c0                _setlocale_r
                0x08006914                __locale_charset
                0x08006920                __locale_mb_cur_max
                0x0800692c                __locale_msgcharset
                0x08006934                __locale_cjk_lang
                0x08006938                _localeconv_r
                0x08006940                setlocale
                0x08006954                localeconv
 .text          0x0800695c       0x20 C:\CodeSourcery\Sourcery G++ Lite/arm-none-eabi/lib/thumb2\libc.a(lib_a-malloc.o)
                0x0800695c                malloc
                0x0800696c                free
 .text          0x0800697c      0x570 C:\CodeSourcery\Sourcery G++ Lite/arm-none-eabi/lib/thumb2\libc.a(lib_a-mallocr.o)
                0x0800697c                _malloc_r
 .text          0x08006eec       0x90 C:\CodeSourcery\Sourcery G++ Lite/arm-none-eabi/lib/thumb2\libc.a(lib_a-memchr-stub.o)
                0x08006eec                memchr
 .text          0x08006f7c       0xa8 C:\CodeSourcery\Sourcery G++ Lite/arm-none-eabi/lib/thumb2\libc.a(lib_a-memcpy-stub.o)
                0x08006f7c                memcpy
 .text          0x08007024        0x8 C:\CodeSourcery\Sourcery G++ Lite/arm-none-eabi/lib/thumb2\libc.a(lib_a-mlock.o)
                0x08007024                __malloc_lock
                0x08007028                __malloc_unlock
 .text          0x0800702c      0x938 C:\CodeSourcery\Sourcery G++ Lite/arm-none-eabi/lib/thumb2\libc.a(lib_a-mprec.o)
                0x0800702c                _Balloc
                0x08007098                _Bfree
                0x080070d0                __multadd
                0x0800715c                __s2b
                0x080071f4                __hi0bits
                0x08007230                __lo0bits
                0x08007288                __i2b
                0x0800729c                __multiply
                0x080073dc                __pow5mult
                0x08007494                __lshift
                0x0800754c                __mcmp
                0x08007590                __mdiff
                0x0800767c                __ulp
                0x080076c0                __b2d
                0x0800776c                __d2b
                0x08007828                __ratio
                0x08007888                _mprec_log10
                0x080078bc                __copybits
                0x08007904                __any_on
 .text          0x08007964       0x50 C:\CodeSourcery\Sourcery G++ Lite/arm-none-eabi/lib/thumb2\libc.a(lib_a-s_fpclassify.o)
                0x08007964                __fpclassifyd
 .text          0x080079b4       0x28 C:\CodeSourcery\Sourcery G++ Lite/arm-none-eabi/lib/thumb2\libc.a(lib_a-sbrkr.o)
                0x080079b4                _sbrk_r
 .text          0x080079dc      0x23c C:\CodeSourcery\Sourcery G++ Lite/arm-none-eabi/lib/thumb2\libc.a(lib_a-strcmp.o)
                0x080079dc                strcmp
 .text          0x08007c18       0x60 C:\CodeSourcery\Sourcery G++ Lite/arm-none-eabi/lib/thumb2\libc.a(lib_a-strlen.o)
                0x08007c18                strlen
 .text          0x08007c78      0xbe0 C:\CodeSourcery\Sourcery G++ Lite/arm-none-eabi/lib/thumb2\libc.a(lib_a-svfiprintf.o)
                0x08007c78                __ssprint_r
                0x08007d7c                _svfiprintf_r
 .text          0x08008858       0x64 C:\CodeSourcery\Sourcery G++ Lite/arm-none-eabi/lib/thumb2\libc.a(lib_a-callocr.o)
                0x08008858                _calloc_r
 .text          0x080088bc      0x23c C:\CodeSourcery\Sourcery G++ Lite/arm-none-eabi/lib/thumb2\libc.a(lib_a-freer.o)
                0x080088bc                _malloc_trim_r
                0x08008960                _free_r
 .text          0x08008af8       0xd0 C:\CodeSourcery\Sourcery G++ Lite/arm-none-eabi/lib/thumb2\libc.a(lib_a-memmove.o)
                0x08008af8                memmove
 .text          0x08008bc8       0xa0 C:\CodeSourcery\Sourcery G++ Lite/arm-none-eabi/lib/thumb2\libc.a(lib_a-memset.o)
                0x08008bc8                memset
 .text          0x08008c68      0x3ec C:\CodeSourcery\Sourcery G++ Lite/arm-none-eabi/lib/thumb2\libc.a(lib_a-reallocr.o)
                0x08008c68                _realloc_r
 .text          0x08009054       0xf4 C:\CodeSourcery\Sourcery G++ Lite/arm-none-eabi/lib/thumb2\libc.a(lib_a-reent.o)
                0x08009054                cleanup_glue
                0x08009070                _reclaim_reent
 .text          0x08009148      0x278 C:\CodeSourcery\Sourcery G++ Lite/lib/gcc/arm-none-eabi/4.8.1/thumb2\libgcc.a(_udivsi3.o)
                0x08009148                __aeabi_uidiv
                0x08009148                __udivsi3
                0x080093a4                __aeabi_uidivmod
 .text          0x080093c0        0x4 C:\CodeSourcery\Sourcery G++ Lite/lib/gcc/arm-none-eabi/4.8.1/thumb2\libgcc.a(_dvmd_tls.o)
                0x080093c0                __aeabi_idiv0
                0x080093c0                __aeabi_ldiv0
 .text          0x080093c4      0x370 C:\CodeSourcery\Sourcery G++ Lite/lib/gcc/arm-none-eabi/4.8.1/thumb2\libgcc.a(_arm_addsubdf3.o)
                0x080093c4                __aeabi_drsub
                0x080093cc                __aeabi_dsub
                0x080093cc                __subdf3
                0x080093d0                __aeabi_dadd
                0x080093d0                __adddf3
                0x08009648                __floatunsidf
                0x08009648                __aeabi_ui2d
                0x08009668                __floatsidf
                0x08009668                __aeabi_i2d
                0x0800968c                __aeabi_f2d
                0x0800968c                __extendsfdf2
                0x080096c8                __floatundidf
                0x080096c8                __aeabi_ul2d
                0x080096d8                __floatdidf
                0x080096d8                __aeabi_l2d
 .text          0x08009734      0x424 C:\CodeSourcery\Sourcery G++ Lite/lib/gcc/arm-none-eabi/4.8.1/thumb2\libgcc.a(_arm_muldivdf3.o)
                0x08009734                __aeabi_dmul
                0x08009734                __muldf3
                0x08009988                __divdf3
                0x08009988                __aeabi_ddiv
 .text          0x08009b58      0x110 C:\CodeSourcery\Sourcery G++ Lite/lib/gcc/arm-none-eabi/4.8.1/thumb2\libgcc.a(_arm_cmpdf2.o)
                0x08009b58                __gtdf2
                0x08009b58                __gedf2
                0x08009b60                __ltdf2
                0x08009b60                __ledf2
                0x08009b68                __nedf2
                0x08009b68                __eqdf2
                0x08009b68                __cmpdf2
                0x08009be4                __aeabi_cdrcmple
                0x08009bf4                __aeabi_cdcmpeq
                0x08009bf4                __aeabi_cdcmple
                0x08009c04                __aeabi_dcmpeq
                0x08009c18                __aeabi_dcmplt
                0x08009c2c                __aeabi_dcmple
                0x08009c40                __aeabi_dcmpge
                0x08009c54                __aeabi_dcmpgt
 .text          0x08009c68       0x50 C:\CodeSourcery\Sourcery G++ Lite/lib/gcc/arm-none-eabi/4.8.1/thumb2\libgcc.a(_arm_fixdfsi.o)
                0x08009c68                __aeabi_d2iz
                0x08009c68                __fixdfsi
 .text          0x08009cb8       0x40 C:\CodeSourcery\Sourcery G++ Lite/lib/gcc/arm-none-eabi/4.8.1/thumb2\libgcc.a(_arm_fixunsdfsi.o)
                0x08009cb8                __aeabi_d2uiz
                0x08009cb8                __fixunsdfsi
 .text          0x08009cf8       0x2c C:\CodeSourcery\Sourcery G++ Lite/lib/gcc/arm-none-eabi/4.8.1/thumb2\libgcc.a(_aeabi_uldivmod.o)
                0x08009cf8                __aeabi_uldivmod
 .text          0x08009d24       0x60 C:\CodeSourcery\Sourcery G++ Lite/lib/gcc/arm-none-eabi/4.8.1/thumb2\libgcc.a(bpabi.o)
                0x08009d24                __gnu_ldivmod_helper
                0x08009d54                __gnu_uldivmod_helper
 .text          0x08009d84      0x354 C:\CodeSourcery\Sourcery G++ Lite/lib/gcc/arm-none-eabi/4.8.1/thumb2\libgcc.a(_divdi3.o)
                0x08009d84                __divdi3
 .text          0x0800a0d8      0x300 C:\CodeSourcery\Sourcery G++ Lite/lib/gcc/arm-none-eabi/4.8.1/thumb2\libgcc.a(_udivdi3.o)
                0x0800a0d8                __udivdi3
                0x0800a3d8                . = ALIGN (0x4)

.glue_7         0x0800a3d8        0x0
 .glue_7        0x00000000        0x0 linker stubs

.glue_7t        0x0800a3d8        0x0
 .glue_7t       0x00000000        0x0 linker stubs

.vfp11_veneer   0x0800a3d8        0x0
 .vfp11_veneer  0x00000000        0x0 linker stubs

.v4_bx          0x0800a3d8        0x0
 .v4_bx         0x00000000        0x0 linker stubs

.iplt           0x0800a3d8        0x0
 .iplt          0x00000000        0x0 adc.o

.ARM.extab      0x0800a3d8        0x0
 *(.ARM.extab* .gnu.linkonce.armextab.*)
 .ARM.extab     0x0800a3d8        0x0 C:\CodeSourcery\Sourcery G++ Lite/lib/gcc/arm-none-eabi/4.8.1/thumb2\libgcc.a(_divdi3.o)
 .ARM.extab     0x0800a3d8        0x0 C:\CodeSourcery\Sourcery G++ Lite/lib/gcc/arm-none-eabi/4.8.1/thumb2\libgcc.a(_udivdi3.o)
                0x0800a3d8                . = ALIGN (0x4)

.ARM.exidx      0x0800a3d8        0x8
 *(.ARM.exidx* .gnu.linkonce.armexidx.*)
 .ARM.exidx     0x0800a3d8        0x8 C:\CodeSourcery\Sourcery G++ Lite/lib/gcc/arm-none-eabi/4.8.1/thumb2\libgcc.a(_divdi3.o)
 .ARM.exidx     0x0800a3e0        0x0 C:\CodeSourcery\Sourcery G++ Lite/lib/gcc/arm-none-eabi/4.8.1/thumb2\libgcc.a(_udivdi3.o)
                                  0x8 (size before relaxing)
                0x0800a3e0                . = ALIGN (0x4)

.rodata         0x0800a3e0      0x6e0
                0x0800a3e0                __RO_BASE__ = .
 *(.rodata)
 .rodata        0x0800a3e0        0x4 main.o
                0x0800a3e0                lightInterval
 .rodata        0x0800a3e4       0x20 stm32f10x_it.o
 .rodata        0x0800a404        0x4 C:\CodeSourcery\Sourcery G++ Lite/arm-none-eabi/lib/thumb2\libc.a(lib_a-impure.o)
                0x0800a404                _global_impure_ptr
 .rodata        0x0800a408       0x20 C:\CodeSourcery\Sourcery G++ Lite/arm-none-eabi/lib/thumb2\libc.a(lib_a-svfprintf.o)
 .rodata        0x0800a428      0x128 C:\CodeSourcery\Sourcery G++ Lite/arm-none-eabi/lib/thumb2\libc.a(lib_a-mprec.o)
                0x0800a438                __mprec_tens
                0x0800a500                __mprec_tinytens
                0x0800a528                __mprec_bigtens
 .rodata        0x0800a550       0x20 C:\CodeSourcery\Sourcery G++ Lite/arm-none-eabi/lib/thumb2\libc.a(lib_a-svfiprintf.o)
 *(.rodata.*)
 .rodata.str1.4
                0x0800a570       0x19 adc.o
                                 0x1c (size before relaxing)
 *fill*         0x0800a589        0x3 
 .rodata.str1.4
                0x0800a58c      0x24f main.o
                                0x250 (size before relaxing)
 *fill*         0x0800a7db        0x1 
 .rodata.str1.4
                0x0800a7dc      0x259 stm32f10x_it.o
                                0x25c (size before relaxing)
 *fill*         0x0800aa35        0x3 
 .rodata.str1.4
                0x0800aa38       0x22 timer.o
                                 0x24 (size before relaxing)
 *fill*         0x0800aa5a        0x2 
 .rodata.str1.4
                0x0800aa5c        0x2 C:\CodeSourcery\Sourcery G++ Lite/arm-none-eabi/lib/thumb2\libc.a(lib_a-impure.o)
                                  0x4 (size before relaxing)
 *fill*         0x0800aa5e        0x2 
 .rodata.str1.4
                0x0800aa60       0x42 C:\CodeSourcery\Sourcery G++ Lite/arm-none-eabi/lib/thumb2\libc.a(lib_a-svfprintf.o)
                                 0x44 (size before relaxing)
 *fill*         0x0800aaa2        0x2 
 .rodata.str1.4
                0x0800aaa4       0x10 C:\CodeSourcery\Sourcery G++ Lite/arm-none-eabi/lib/thumb2\libc.a(lib_a-dtoa.o)
                                 0x14 (size before relaxing)
 .rodata.str1.4
                0x0800aab4        0xc C:\CodeSourcery\Sourcery G++ Lite/arm-none-eabi/lib/thumb2\libc.a(lib_a-locale.o)
                                 0x14 (size before relaxing)
 .rodata.str1.4
                0x00000000       0x30 C:\CodeSourcery\Sourcery G++ Lite/arm-none-eabi/lib/thumb2\libc.a(lib_a-svfiprintf.o)
                0x0800aac0                . = ALIGN (0x8)
                0x0800aac0                __RO_LIMIT__ = .

.rel.dyn        0x0800aac0        0x0
 .rel.iplt      0x00000000        0x0 adc.o

.data           0x20000000      0x588 load address 0x0800aac0
                0x20000000                __RW_BASE__ = .
 *(.data)
 .data          0x20000000        0x0 adc.o
 .data          0x20000000        0x0 clock.o
 .data          0x20000000        0x0 core_cm3.o
 .data          0x20000000        0x0 key.o
 .data          0x20000000        0x0 led.o
 .data          0x20000000        0x8 main.o
                0x20000000                power
 .data          0x20000008        0x0 runtime.o
 .data          0x20000008        0x0 stm32f10x_it.o
 .data          0x20000008        0x0 systick.o
 .data          0x20000008        0x0 timer.o
 .data          0x20000008        0x0 uart.o
 .data          0x20000008        0x0 crt0.o
 .data          0x20000008        0x0 C:\CodeSourcery\Sourcery G++ Lite/arm-none-eabi/lib/thumb2\libc.a(lib_a-vsprintf.o)
 .data          0x20000008       0xf4 C:\CodeSourcery\Sourcery G++ Lite/arm-none-eabi/lib/thumb2\libc.a(lib_a-impure.o)
                0x20000008                _impure_ptr
 .data          0x200000fc        0x0 C:\CodeSourcery\Sourcery G++ Lite/arm-none-eabi/lib/thumb2\libc.a(lib_a-svfprintf.o)
 .data          0x200000fc        0x0 C:\CodeSourcery\Sourcery G++ Lite/arm-none-eabi/lib/thumb2\libc.a(lib_a-dtoa.o)
 .data          0x200000fc       0x7c C:\CodeSourcery\Sourcery G++ Lite/arm-none-eabi/lib/thumb2\libc.a(lib_a-locale.o)
                0x2000011c                __mb_cur_max
 .data          0x20000178        0x0 C:\CodeSourcery\Sourcery G++ Lite/arm-none-eabi/lib/thumb2\libc.a(lib_a-malloc.o)
 .data          0x20000178      0x410 C:\CodeSourcery\Sourcery G++ Lite/arm-none-eabi/lib/thumb2\libc.a(lib_a-mallocr.o)
                0x20000178                __malloc_av_
                0x20000580                __malloc_sbrk_base
                0x20000584                __malloc_trim_threshold
 .data          0x20000588        0x0 C:\CodeSourcery\Sourcery G++ Lite/arm-none-eabi/lib/thumb2\libc.a(lib_a-memchr-stub.o)
 .data          0x20000588        0x0 C:\CodeSourcery\Sourcery G++ Lite/arm-none-eabi/lib/thumb2\libc.a(lib_a-memcpy-stub.o)
 .data          0x20000588        0x0 C:\CodeSourcery\Sourcery G++ Lite/arm-none-eabi/lib/thumb2\libc.a(lib_a-mlock.o)
 .data          0x20000588        0x0 C:\CodeSourcery\Sourcery G++ Lite/arm-none-eabi/lib/thumb2\libc.a(lib_a-mprec.o)
 .data          0x20000588        0x0 C:\CodeSourcery\Sourcery G++ Lite/arm-none-eabi/lib/thumb2\libc.a(lib_a-s_fpclassify.o)
 .data          0x20000588        0x0 C:\CodeSourcery\Sourcery G++ Lite/arm-none-eabi/lib/thumb2\libc.a(lib_a-sbrkr.o)
 .data          0x20000588        0x0 C:\CodeSourcery\Sourcery G++ Lite/arm-none-eabi/lib/thumb2\libc.a(lib_a-strcmp.o)
 .data          0x20000588        0x0 C:\CodeSourcery\Sourcery G++ Lite/arm-none-eabi/lib/thumb2\libc.a(lib_a-strlen.o)
 .data          0x20000588        0x0 C:\CodeSourcery\Sourcery G++ Lite/arm-none-eabi/lib/thumb2\libc.a(lib_a-svfiprintf.o)
 .data          0x20000588        0x0 C:\CodeSourcery\Sourcery G++ Lite/arm-none-eabi/lib/thumb2\libc.a(lib_a-callocr.o)
 .data          0x20000588        0x0 C:\CodeSourcery\Sourcery G++ Lite/arm-none-eabi/lib/thumb2\libc.a(lib_a-freer.o)
 .data          0x20000588        0x0 C:\CodeSourcery\Sourcery G++ Lite/arm-none-eabi/lib/thumb2\libc.a(lib_a-memmove.o)
 .data          0x20000588        0x0 C:\CodeSourcery\Sourcery G++ Lite/arm-none-eabi/lib/thumb2\libc.a(lib_a-memset.o)
 .data          0x20000588        0x0 C:\CodeSourcery\Sourcery G++ Lite/arm-none-eabi/lib/thumb2\libc.a(lib_a-reallocr.o)
 .data          0x20000588        0x0 C:\CodeSourcery\Sourcery G++ Lite/arm-none-eabi/lib/thumb2\libc.a(lib_a-reent.o)
 .data          0x20000588        0x0 C:\CodeSourcery\Sourcery G++ Lite/lib/gcc/arm-none-eabi/4.8.1/thumb2\libgcc.a(_udivsi3.o)
 .data          0x20000588        0x0 C:\CodeSourcery\Sourcery G++ Lite/lib/gcc/arm-none-eabi/4.8.1/thumb2\libgcc.a(_dvmd_tls.o)
 .data          0x20000588        0x0 C:\CodeSourcery\Sourcery G++ Lite/lib/gcc/arm-none-eabi/4.8.1/thumb2\libgcc.a(_arm_addsubdf3.o)
 .data          0x20000588        0x0 C:\CodeSourcery\Sourcery G++ Lite/lib/gcc/arm-none-eabi/4.8.1/thumb2\libgcc.a(_arm_muldivdf3.o)
 .data          0x20000588        0x0 C:\CodeSourcery\Sourcery G++ Lite/lib/gcc/arm-none-eabi/4.8.1/thumb2\libgcc.a(_arm_cmpdf2.o)
 .data          0x20000588        0x0 C:\CodeSourcery\Sourcery G++ Lite/lib/gcc/arm-none-eabi/4.8.1/thumb2\libgcc.a(_arm_fixdfsi.o)
 .data          0x20000588        0x0 C:\CodeSourcery\Sourcery G++ Lite/lib/gcc/arm-none-eabi/4.8.1/thumb2\libgcc.a(_arm_fixunsdfsi.o)
 .data          0x20000588        0x0 C:\CodeSourcery\Sourcery G++ Lite/lib/gcc/arm-none-eabi/4.8.1/thumb2\libgcc.a(_aeabi_uldivmod.o)
 .data          0x20000588        0x0 C:\CodeSourcery\Sourcery G++ Lite/lib/gcc/arm-none-eabi/4.8.1/thumb2\libgcc.a(bpabi.o)
 .data          0x20000588        0x0 C:\CodeSourcery\Sourcery G++ Lite/lib/gcc/arm-none-eabi/4.8.1/thumb2\libgcc.a(_divdi3.o)
 .data          0x20000588        0x0 C:\CodeSourcery\Sourcery G++ Lite/lib/gcc/arm-none-eabi/4.8.1/thumb2\libgcc.a(_udivdi3.o)
 *(.data.*)
                0x20000588                . = ALIGN (0x4)
                0x20000588                __RW_LIMIT__ = .
                0x00000588                __RW_SIZE__ = SIZEOF (.data)
                0x0800aac0                __RW_LOAD_ADDR__ = LOADADDR (.data)

.igot.plt       0x20000588        0x0 load address 0x0800b048
 .igot.plt      0x00000000        0x0 adc.o

.bss            0x20000588       0x68 load address 0x0800b048
                0x20000588                __ZI_BASE__ = .
 *(.bss)
 .bss           0x20000588        0x0 adc.o
 .bss           0x20000588        0x0 clock.o
 .bss           0x20000588        0x0 core_cm3.o
 .bss           0x20000588        0x0 key.o
 .bss           0x20000588        0x0 led.o
 .bss           0x20000588        0xc main.o
                0x20000588                curOperation
                0x2000058c                curMode
                0x20000590                cdsValue
 .bss           0x20000594        0x4 runtime.o
 .bss           0x20000598       0x14 stm32f10x_it.o
                0x20000598                SysTick_Flag
                0x2000059c                Key_Value
                0x200005a0                TIM4_Expired
                0x200005a4                Uart1_Rx_Data
                0x200005a8                Uart1_Rx_In
 .bss           0x200005ac        0x0 systick.o
 .bss           0x200005ac        0x0 timer.o
 .bss           0x200005ac        0x0 uart.o
 .bss           0x200005ac        0x0 crt0.o
 .bss           0x200005ac        0x0 C:\CodeSourcery\Sourcery G++ Lite/arm-none-eabi/lib/thumb2\libc.a(lib_a-vsprintf.o)
 .bss           0x200005ac        0x0 C:\CodeSourcery\Sourcery G++ Lite/arm-none-eabi/lib/thumb2\libc.a(lib_a-impure.o)
 .bss           0x200005ac        0x0 C:\CodeSourcery\Sourcery G++ Lite/arm-none-eabi/lib/thumb2\libc.a(lib_a-svfprintf.o)
 .bss           0x200005ac        0x0 C:\CodeSourcery\Sourcery G++ Lite/arm-none-eabi/lib/thumb2\libc.a(lib_a-dtoa.o)
 .bss           0x200005ac        0xc C:\CodeSourcery\Sourcery G++ Lite/arm-none-eabi/lib/thumb2\libc.a(lib_a-locale.o)
                0x200005ac                _PathLocale
                0x200005b0                __mlocale_changed
                0x200005b4                __nlocale_changed
 .bss           0x200005b8        0x0 C:\CodeSourcery\Sourcery G++ Lite/arm-none-eabi/lib/thumb2\libc.a(lib_a-malloc.o)
 .bss           0x200005b8       0x34 C:\CodeSourcery\Sourcery G++ Lite/arm-none-eabi/lib/thumb2\libc.a(lib_a-mallocr.o)
                0x200005b8                __malloc_top_pad
                0x200005bc                __malloc_current_mallinfo
                0x200005e4                __malloc_max_sbrked_mem
                0x200005e8                __malloc_max_total_mem
 .bss           0x200005ec        0x0 C:\CodeSourcery\Sourcery G++ Lite/arm-none-eabi/lib/thumb2\libc.a(lib_a-memchr-stub.o)
 .bss           0x200005ec        0x0 C:\CodeSourcery\Sourcery G++ Lite/arm-none-eabi/lib/thumb2\libc.a(lib_a-memcpy-stub.o)
 .bss           0x200005ec        0x0 C:\CodeSourcery\Sourcery G++ Lite/arm-none-eabi/lib/thumb2\libc.a(lib_a-mlock.o)
 .bss           0x200005ec        0x0 C:\CodeSourcery\Sourcery G++ Lite/arm-none-eabi/lib/thumb2\libc.a(lib_a-mprec.o)
 .bss           0x200005ec        0x0 C:\CodeSourcery\Sourcery G++ Lite/arm-none-eabi/lib/thumb2\libc.a(lib_a-s_fpclassify.o)
 .bss           0x200005ec        0x0 C:\CodeSourcery\Sourcery G++ Lite/arm-none-eabi/lib/thumb2\libc.a(lib_a-sbrkr.o)
 .bss           0x200005ec        0x0 C:\CodeSourcery\Sourcery G++ Lite/arm-none-eabi/lib/thumb2\libc.a(lib_a-strcmp.o)
 .bss           0x200005ec        0x0 C:\CodeSourcery\Sourcery G++ Lite/arm-none-eabi/lib/thumb2\libc.a(lib_a-strlen.o)
 .bss           0x200005ec        0x0 C:\CodeSourcery\Sourcery G++ Lite/arm-none-eabi/lib/thumb2\libc.a(lib_a-svfiprintf.o)
 .bss           0x200005ec        0x0 C:\CodeSourcery\Sourcery G++ Lite/arm-none-eabi/lib/thumb2\libc.a(lib_a-callocr.o)
 .bss           0x200005ec        0x0 C:\CodeSourcery\Sourcery G++ Lite/arm-none-eabi/lib/thumb2\libc.a(lib_a-freer.o)
 .bss           0x200005ec        0x0 C:\CodeSourcery\Sourcery G++ Lite/arm-none-eabi/lib/thumb2\libc.a(lib_a-memmove.o)
 .bss           0x200005ec        0x0 C:\CodeSourcery\Sourcery G++ Lite/arm-none-eabi/lib/thumb2\libc.a(lib_a-memset.o)
 .bss           0x200005ec        0x0 C:\CodeSourcery\Sourcery G++ Lite/arm-none-eabi/lib/thumb2\libc.a(lib_a-reallocr.o)
 .bss           0x200005ec        0x0 C:\CodeSourcery\Sourcery G++ Lite/arm-none-eabi/lib/thumb2\libc.a(lib_a-reent.o)
 .bss           0x200005ec        0x0 C:\CodeSourcery\Sourcery G++ Lite/lib/gcc/arm-none-eabi/4.8.1/thumb2\libgcc.a(_udivsi3.o)
 .bss           0x200005ec        0x0 C:\CodeSourcery\Sourcery G++ Lite/lib/gcc/arm-none-eabi/4.8.1/thumb2\libgcc.a(_dvmd_tls.o)
 .bss           0x200005ec        0x0 C:\CodeSourcery\Sourcery G++ Lite/lib/gcc/arm-none-eabi/4.8.1/thumb2\libgcc.a(_arm_addsubdf3.o)
 .bss           0x200005ec        0x0 C:\CodeSourcery\Sourcery G++ Lite/lib/gcc/arm-none-eabi/4.8.1/thumb2\libgcc.a(_arm_muldivdf3.o)
 .bss           0x200005ec        0x0 C:\CodeSourcery\Sourcery G++ Lite/lib/gcc/arm-none-eabi/4.8.1/thumb2\libgcc.a(_arm_cmpdf2.o)
 .bss           0x200005ec        0x0 C:\CodeSourcery\Sourcery G++ Lite/lib/gcc/arm-none-eabi/4.8.1/thumb2\libgcc.a(_arm_fixdfsi.o)
 .bss           0x200005ec        0x0 C:\CodeSourcery\Sourcery G++ Lite/lib/gcc/arm-none-eabi/4.8.1/thumb2\libgcc.a(_arm_fixunsdfsi.o)
 .bss           0x200005ec        0x0 C:\CodeSourcery\Sourcery G++ Lite/lib/gcc/arm-none-eabi/4.8.1/thumb2\libgcc.a(_aeabi_uldivmod.o)
 .bss           0x200005ec        0x0 C:\CodeSourcery\Sourcery G++ Lite/lib/gcc/arm-none-eabi/4.8.1/thumb2\libgcc.a(bpabi.o)
 .bss           0x200005ec        0x0 C:\CodeSourcery\Sourcery G++ Lite/lib/gcc/arm-none-eabi/4.8.1/thumb2\libgcc.a(_divdi3.o)
 .bss           0x200005ec        0x0 C:\CodeSourcery\Sourcery G++ Lite/lib/gcc/arm-none-eabi/4.8.1/thumb2\libgcc.a(_udivdi3.o)
 *(.bss.*)
                0x200005ec                . = ALIGN (0x4)
                0x200005ec                __ZI_LIMIT__ = .
 COMMON         0x200005ec        0x4 C:\CodeSourcery\Sourcery G++ Lite/arm-none-eabi/lib/thumb2\libc.a(lib_a-reent.o)
                0x200005ec                errno
                0x00000068                __ZI_SIZE__ = SIZEOF (.bss)
OUTPUT(rom_0x08003000.elf elf32-littlearm)

.debug_info     0x00000000     0x3de9
 .debug_info    0x00000000      0x353 adc.o
 .debug_info    0x00000353      0x1cb clock.o
 .debug_info    0x0000051e      0x509 core_cm3.o
 .debug_info    0x00000a27      0x6ee key.o
 .debug_info    0x00001115      0x1fb led.o
 .debug_info    0x00001310      0x93f main.o
 .debug_info    0x00001c4f       0xff runtime.o
 .debug_info    0x00001d4e     0x1283 stm32f10x_it.o
 .debug_info    0x00002fd1      0x184 systick.o
 .debug_info    0x00003155      0x443 timer.o
 .debug_info    0x00003598      0x7e2 uart.o
 .debug_info    0x00003d7a       0x6f crt0.o

.debug_abbrev   0x00000000     0x101f
 .debug_abbrev  0x00000000      0x121 adc.o
 .debug_abbrev  0x00000121       0x9f clock.o
 .debug_abbrev  0x000001c0       0xbd core_cm3.o
 .debug_abbrev  0x0000027d      0x20e key.o
 .debug_abbrev  0x0000048b       0xc8 led.o
 .debug_abbrev  0x00000553      0x275 main.o
 .debug_abbrev  0x000007c8       0xa5 runtime.o
 .debug_abbrev  0x0000086d      0x2a5 stm32f10x_it.o
 .debug_abbrev  0x00000b12       0xe9 systick.o
 .debug_abbrev  0x00000bfb      0x114 timer.o
 .debug_abbrev  0x00000d0f      0x2fc uart.o
 .debug_abbrev  0x0000100b       0x14 crt0.o

.debug_loc      0x00000000      0x9a6
 .debug_loc     0x00000000       0x18 adc.o
 .debug_loc     0x00000018      0x33a core_cm3.o
 .debug_loc     0x00000352       0x35 key.o
 .debug_loc     0x00000387       0x2f led.o
 .debug_loc     0x000003b6       0x47 main.o
 .debug_loc     0x000003fd       0x75 runtime.o
 .debug_loc     0x00000472      0x26d stm32f10x_it.o
 .debug_loc     0x000006df       0x42 systick.o
 .debug_loc     0x00000721       0xe6 timer.o
 .debug_loc     0x00000807      0x19f uart.o

.debug_aranges  0x00000000      0x180
 .debug_aranges
                0x00000000       0x20 adc.o
 .debug_aranges
                0x00000020       0x20 clock.o
 .debug_aranges
                0x00000040       0x20 core_cm3.o
 .debug_aranges
                0x00000060       0x20 key.o
 .debug_aranges
                0x00000080       0x20 led.o
 .debug_aranges
                0x000000a0       0x20 main.o
 .debug_aranges
                0x000000c0       0x20 runtime.o
 .debug_aranges
                0x000000e0       0x20 stm32f10x_it.o
 .debug_aranges
                0x00000100       0x20 systick.o
 .debug_aranges
                0x00000120       0x20 timer.o
 .debug_aranges
                0x00000140       0x20 uart.o
 .debug_aranges
                0x00000160       0x20 crt0.o

.debug_line     0x00000000      0xcc2
 .debug_line    0x00000000       0xd4 adc.o
 .debug_line    0x000000d4       0xa7 clock.o
 .debug_line    0x0000017b       0xe6 core_cm3.o
 .debug_line    0x00000261      0x118 key.o
 .debug_line    0x00000379       0x9f led.o
 .debug_line    0x00000418      0x208 main.o
 .debug_line    0x00000620       0x56 runtime.o
 .debug_line    0x00000676      0x24a stm32f10x_it.o
 .debug_line    0x000008c0       0x9f systick.o
 .debug_line    0x0000095f      0x132 timer.o
 .debug_line    0x00000a91      0x1b1 uart.o
 .debug_line    0x00000c42       0x80 crt0.o

.debug_str      0x00000000     0x10ad
 .debug_str     0x00000000      0x249 adc.o
                                0x282 (size before relaxing)
 .debug_str     0x00000249       0x37 clock.o
                                0x1f8 (size before relaxing)
 .debug_str     0x00000280      0x155 core_cm3.o
                                0x2c7 (size before relaxing)
 .debug_str     0x000003d5      0x415 key.o
                                0x5f5 (size before relaxing)
 .debug_str     0x000007ea       0x32 led.o
                                0x205 (size before relaxing)
 .debug_str     0x0000081c      0x1d0 main.o
                                0x41c (size before relaxing)
 .debug_str     0x000009ec       0x34 runtime.o
                                0x1a8 (size before relaxing)
 .debug_str     0x00000a20      0x529 stm32f10x_it.o
                                0xa9f (size before relaxing)
 .debug_str     0x00000f49       0x92 systick.o
                                0x20f (size before relaxing)
 .debug_str     0x00000fdb       0x3f timer.o
                                0x35c (size before relaxing)
 .debug_str     0x0000101a       0x93 uart.o
                                0x643 (size before relaxing)

.comment        0x00000000       0x30
 .comment       0x00000000       0x30 adc.o
                                 0x31 (size before relaxing)
 .comment       0x00000000       0x31 clock.o
 .comment       0x00000000       0x31 core_cm3.o
 .comment       0x00000000       0x31 key.o
 .comment       0x00000000       0x31 led.o
 .comment       0x00000000       0x31 main.o
 .comment       0x00000000       0x31 runtime.o
 .comment       0x00000000       0x31 stm32f10x_it.o
 .comment       0x00000000       0x31 systick.o
 .comment       0x00000000       0x31 timer.o
 .comment       0x00000000       0x31 uart.o

.ARM.attributes
                0x00000000       0x31
 .ARM.attributes
                0x00000000       0x33 adc.o
 .ARM.attributes
                0x00000033       0x33 clock.o
 .ARM.attributes
                0x00000066       0x33 core_cm3.o
 .ARM.attributes
                0x00000099       0x33 key.o
 .ARM.attributes
                0x000000cc       0x33 led.o
 .ARM.attributes
                0x000000ff       0x33 main.o
 .ARM.attributes
                0x00000132       0x33 runtime.o
 .ARM.attributes
                0x00000165       0x33 stm32f10x_it.o
 .ARM.attributes
                0x00000198       0x33 systick.o
 .ARM.attributes
                0x000001cb       0x33 timer.o
 .ARM.attributes
                0x000001fe       0x33 uart.o
 .ARM.attributes
                0x00000231       0x21 crt0.o
 .ARM.attributes
                0x00000252       0x29 C:\CodeSourcery\Sourcery G++ Lite/arm-none-eabi/lib/thumb2\libc.a(lib_a-vsprintf.o)
 .ARM.attributes
                0x0000027b       0x29 C:\CodeSourcery\Sourcery G++ Lite/arm-none-eabi/lib/thumb2\libc.a(lib_a-impure.o)
 .ARM.attributes
                0x000002a4       0x29 C:\CodeSourcery\Sourcery G++ Lite/arm-none-eabi/lib/thumb2\libc.a(lib_a-svfprintf.o)
 .ARM.attributes
                0x000002cd       0x29 C:\CodeSourcery\Sourcery G++ Lite/arm-none-eabi/lib/thumb2\libc.a(lib_a-dtoa.o)
 .ARM.attributes
                0x000002f6       0x29 C:\CodeSourcery\Sourcery G++ Lite/arm-none-eabi/lib/thumb2\libc.a(lib_a-locale.o)
 .ARM.attributes
                0x0000031f       0x29 C:\CodeSourcery\Sourcery G++ Lite/arm-none-eabi/lib/thumb2\libc.a(lib_a-malloc.o)
 .ARM.attributes
                0x00000348       0x29 C:\CodeSourcery\Sourcery G++ Lite/arm-none-eabi/lib/thumb2\libc.a(lib_a-mallocr.o)
 .ARM.attributes
                0x00000371       0x29 C:\CodeSourcery\Sourcery G++ Lite/arm-none-eabi/lib/thumb2\libc.a(lib_a-memchr-stub.o)
 .ARM.attributes
                0x0000039a       0x29 C:\CodeSourcery\Sourcery G++ Lite/arm-none-eabi/lib/thumb2\libc.a(lib_a-memcpy-stub.o)
 .ARM.attributes
                0x000003c3       0x29 C:\CodeSourcery\Sourcery G++ Lite/arm-none-eabi/lib/thumb2\libc.a(lib_a-mlock.o)
 .ARM.attributes
                0x000003ec       0x29 C:\CodeSourcery\Sourcery G++ Lite/arm-none-eabi/lib/thumb2\libc.a(lib_a-mprec.o)
 .ARM.attributes
                0x00000415       0x29 C:\CodeSourcery\Sourcery G++ Lite/arm-none-eabi/lib/thumb2\libc.a(lib_a-s_fpclassify.o)
 .ARM.attributes
                0x0000043e       0x29 C:\CodeSourcery\Sourcery G++ Lite/arm-none-eabi/lib/thumb2\libc.a(lib_a-sbrkr.o)
 .ARM.attributes
                0x00000467       0x17 C:\CodeSourcery\Sourcery G++ Lite/arm-none-eabi/lib/thumb2\libc.a(lib_a-strcmp.o)
 .ARM.attributes
                0x0000047e       0x29 C:\CodeSourcery\Sourcery G++ Lite/arm-none-eabi/lib/thumb2\libc.a(lib_a-strlen.o)
 .ARM.attributes
                0x000004a7       0x29 C:\CodeSourcery\Sourcery G++ Lite/arm-none-eabi/lib/thumb2\libc.a(lib_a-svfiprintf.o)
 .ARM.attributes
                0x000004d0       0x29 C:\CodeSourcery\Sourcery G++ Lite/arm-none-eabi/lib/thumb2\libc.a(lib_a-callocr.o)
 .ARM.attributes
                0x000004f9       0x29 C:\CodeSourcery\Sourcery G++ Lite/arm-none-eabi/lib/thumb2\libc.a(lib_a-freer.o)
 .ARM.attributes
                0x00000522       0x29 C:\CodeSourcery\Sourcery G++ Lite/arm-none-eabi/lib/thumb2\libc.a(lib_a-memmove.o)
 .ARM.attributes
                0x0000054b       0x29 C:\CodeSourcery\Sourcery G++ Lite/arm-none-eabi/lib/thumb2\libc.a(lib_a-memset.o)
 .ARM.attributes
                0x00000574       0x29 C:\CodeSourcery\Sourcery G++ Lite/arm-none-eabi/lib/thumb2\libc.a(lib_a-reallocr.o)
 .ARM.attributes
                0x0000059d       0x29 C:\CodeSourcery\Sourcery G++ Lite/arm-none-eabi/lib/thumb2\libc.a(lib_a-reent.o)
 .ARM.attributes
                0x000005c6       0x19 C:\CodeSourcery\Sourcery G++ Lite/lib/gcc/arm-none-eabi/4.8.1/thumb2\libgcc.a(_udivsi3.o)
 .ARM.attributes
                0x000005df       0x19 C:\CodeSourcery\Sourcery G++ Lite/lib/gcc/arm-none-eabi/4.8.1/thumb2\libgcc.a(_dvmd_tls.o)
 .ARM.attributes
                0x000005f8       0x19 C:\CodeSourcery\Sourcery G++ Lite/lib/gcc/arm-none-eabi/4.8.1/thumb2\libgcc.a(_arm_addsubdf3.o)
 .ARM.attributes
                0x00000611       0x19 C:\CodeSourcery\Sourcery G++ Lite/lib/gcc/arm-none-eabi/4.8.1/thumb2\libgcc.a(_arm_muldivdf3.o)
 .ARM.attributes
                0x0000062a       0x19 C:\CodeSourcery\Sourcery G++ Lite/lib/gcc/arm-none-eabi/4.8.1/thumb2\libgcc.a(_arm_cmpdf2.o)
 .ARM.attributes
                0x00000643       0x19 C:\CodeSourcery\Sourcery G++ Lite/lib/gcc/arm-none-eabi/4.8.1/thumb2\libgcc.a(_arm_fixdfsi.o)
 .ARM.attributes
                0x0000065c       0x19 C:\CodeSourcery\Sourcery G++ Lite/lib/gcc/arm-none-eabi/4.8.1/thumb2\libgcc.a(_arm_fixunsdfsi.o)
 .ARM.attributes
                0x00000675       0x19 C:\CodeSourcery\Sourcery G++ Lite/lib/gcc/arm-none-eabi/4.8.1/thumb2\libgcc.a(_aeabi_uldivmod.o)
 .ARM.attributes
                0x0000068e       0x29 C:\CodeSourcery\Sourcery G++ Lite/lib/gcc/arm-none-eabi/4.8.1/thumb2\libgcc.a(bpabi.o)
 .ARM.attributes
                0x000006b7       0x29 C:\CodeSourcery\Sourcery G++ Lite/lib/gcc/arm-none-eabi/4.8.1/thumb2\libgcc.a(_divdi3.o)
 .ARM.attributes
                0x000006e0       0x29 C:\CodeSourcery\Sourcery G++ Lite/lib/gcc/arm-none-eabi/4.8.1/thumb2\libgcc.a(_udivdi3.o)

.debug_frame    0x00000000     0x11d4
 .debug_frame   0x00000000       0x68 adc.o
 .debug_frame   0x00000068       0x20 clock.o
 .debug_frame   0x00000088      0x170 core_cm3.o
 .debug_frame   0x000001f8       0x68 key.o
 .debug_frame   0x00000260       0x50 led.o
 .debug_frame   0x000002b0       0x70 main.o
 .debug_frame   0x00000320       0x28 runtime.o
 .debug_frame   0x00000348      0x520 stm32f10x_it.o
 .debug_frame   0x00000868       0x84 systick.o
 .debug_frame   0x000008ec       0x5c timer.o
 .debug_frame   0x00000948       0xac uart.o
 .debug_frame   0x000009f4       0x44 C:\CodeSourcery\Sourcery G++ Lite/arm-none-eabi/lib/thumb2\libc.a(lib_a-vsprintf.o)
 .debug_frame   0x00000a38       0x3c C:\CodeSourcery\Sourcery G++ Lite/arm-none-eabi/lib/thumb2\libc.a(lib_a-svfprintf.o)
 .debug_frame   0x00000a74       0x64 C:\CodeSourcery\Sourcery G++ Lite/arm-none-eabi/lib/thumb2\libc.a(lib_a-dtoa.o)
 .debug_frame   0x00000ad8       0x98 C:\CodeSourcery\Sourcery G++ Lite/arm-none-eabi/lib/thumb2\libc.a(lib_a-locale.o)
 .debug_frame   0x00000b70       0x30 C:\CodeSourcery\Sourcery G++ Lite/arm-none-eabi/lib/thumb2\libc.a(lib_a-malloc.o)
 .debug_frame   0x00000ba0       0x38 C:\CodeSourcery\Sourcery G++ Lite/arm-none-eabi/lib/thumb2\libc.a(lib_a-mallocr.o)
 .debug_frame   0x00000bd8       0x2c C:\CodeSourcery\Sourcery G++ Lite/arm-none-eabi/lib/thumb2\libc.a(lib_a-memchr-stub.o)
 .debug_frame   0x00000c04       0x2c C:\CodeSourcery\Sourcery G++ Lite/arm-none-eabi/lib/thumb2\libc.a(lib_a-memcpy-stub.o)
 .debug_frame   0x00000c30       0x30 C:\CodeSourcery\Sourcery G++ Lite/arm-none-eabi/lib/thumb2\libc.a(lib_a-mlock.o)
 .debug_frame   0x00000c60      0x244 C:\CodeSourcery\Sourcery G++ Lite/arm-none-eabi/lib/thumb2\libc.a(lib_a-mprec.o)
 .debug_frame   0x00000ea4       0x20 C:\CodeSourcery\Sourcery G++ Lite/arm-none-eabi/lib/thumb2\libc.a(lib_a-s_fpclassify.o)
 .debug_frame   0x00000ec4       0x2c C:\CodeSourcery\Sourcery G++ Lite/arm-none-eabi/lib/thumb2\libc.a(lib_a-sbrkr.o)
 .debug_frame   0x00000ef0       0x20 C:\CodeSourcery\Sourcery G++ Lite/arm-none-eabi/lib/thumb2\libc.a(lib_a-strlen.o)
 .debug_frame   0x00000f10       0x64 C:\CodeSourcery\Sourcery G++ Lite/arm-none-eabi/lib/thumb2\libc.a(lib_a-svfiprintf.o)
 .debug_frame   0x00000f74       0x28 C:\CodeSourcery\Sourcery G++ Lite/arm-none-eabi/lib/thumb2\libc.a(lib_a-callocr.o)
 .debug_frame   0x00000f9c       0x50 C:\CodeSourcery\Sourcery G++ Lite/arm-none-eabi/lib/thumb2\libc.a(lib_a-freer.o)
 .debug_frame   0x00000fec       0x2c C:\CodeSourcery\Sourcery G++ Lite/arm-none-eabi/lib/thumb2\libc.a(lib_a-memmove.o)
 .debug_frame   0x00001018       0x2c C:\CodeSourcery\Sourcery G++ Lite/arm-none-eabi/lib/thumb2\libc.a(lib_a-memset.o)
 .debug_frame   0x00001044       0x38 C:\CodeSourcery\Sourcery G++ Lite/arm-none-eabi/lib/thumb2\libc.a(lib_a-reallocr.o)
 .debug_frame   0x0000107c       0x48 C:\CodeSourcery\Sourcery G++ Lite/arm-none-eabi/lib/thumb2\libc.a(lib_a-reent.o)
 .debug_frame   0x000010c4       0x20 C:\CodeSourcery\Sourcery G++ Lite/lib/gcc/arm-none-eabi/4.8.1/thumb2\libgcc.a(_udivsi3.o)
 .debug_frame   0x000010e4       0x28 C:\CodeSourcery\Sourcery G++ Lite/lib/gcc/arm-none-eabi/4.8.1/thumb2\libgcc.a(_aeabi_uldivmod.o)
 .debug_frame   0x0000110c       0x58 C:\CodeSourcery\Sourcery G++ Lite/lib/gcc/arm-none-eabi/4.8.1/thumb2\libgcc.a(bpabi.o)
 .debug_frame   0x00001164       0x38 C:\CodeSourcery\Sourcery G++ Lite/lib/gcc/arm-none-eabi/4.8.1/thumb2\libgcc.a(_divdi3.o)
 .debug_frame   0x0000119c       0x38 C:\CodeSourcery\Sourcery G++ Lite/lib/gcc/arm-none-eabi/4.8.1/thumb2\libgcc.a(_udivdi3.o)

.debug_ranges   0x00000000      0x218
 .debug_ranges  0x00000000       0x10 core_cm3.o
 .debug_ranges  0x00000010       0x38 key.o
 .debug_ranges  0x00000048       0xc8 main.o
 .debug_ranges  0x00000110       0x80 stm32f10x_it.o
 .debug_ranges  0x00000190       0x88 uart.o

Cross Reference Table

Symbol                                            File
ADC1_2_IRQHandler                                 stm32f10x_it.o
                                                  crt0.o
Adc_Cds_Init                                      adc.o
                                                  main.o
Adc_Get_Data                                      adc.o
                                                  main.o
Adc_Get_Status                                    adc.o
                                                  main.o
Adc_Start                                         adc.o
                                                  main.o
Adc_Stop                                          adc.o
BusFault_Handler                                  stm32f10x_it.o
CAN_RX1_IRQHandler                                stm32f10x_it.o
CAN_SCE_IRQHandler                                stm32f10x_it.o
Clock_Init                                        clock.o
                                                  main.o
DMA1_Channel1_IRQHandler                          stm32f10x_it.o
                                                  crt0.o
DMA1_Channel2_IRQHandler                          stm32f10x_it.o
                                                  crt0.o
DMA1_Channel3_IRQHandler                          stm32f10x_it.o
                                                  crt0.o
DMA1_Channel4_IRQHandler                          stm32f10x_it.o
                                                  crt0.o
DMA1_Channel5_IRQHandler                          stm32f10x_it.o
                                                  crt0.o
DMA1_Channel6_IRQHandler                          stm32f10x_it.o
                                                  crt0.o
DMA1_Channel7_IRQHandler                          stm32f10x_it.o
                                                  crt0.o
DebugMon_Handler                                  stm32f10x_it.o
EXTI0_IRQHandler                                  stm32f10x_it.o
                                                  crt0.o
EXTI15_10_IRQHandler                              stm32f10x_it.o
                                                  crt0.o
EXTI1_IRQHandler                                  stm32f10x_it.o
                                                  crt0.o
EXTI2_IRQHandler                                  stm32f10x_it.o
                                                  crt0.o
EXTI3_IRQHandler                                  stm32f10x_it.o
                                                  crt0.o
EXTI4_IRQHandler                                  stm32f10x_it.o
                                                  crt0.o
EXTI9_5_IRQHandler                                stm32f10x_it.o
                                                  crt0.o
FLASH_IRQHandler                                  stm32f10x_it.o
                                                  crt0.o
HardFault_Handler                                 stm32f10x_it.o
                                                  crt0.o
I2C1_ER_IRQHandler                                stm32f10x_it.o
                                                  crt0.o
I2C1_EV_IRQHandler                                stm32f10x_it.o
                                                  crt0.o
I2C2_ER_IRQHandler                                stm32f10x_it.o
                                                  crt0.o
I2C2_EV_IRQHandler                                stm32f10x_it.o
                                                  crt0.o
Invalid_ISR                                       stm32f10x_it.o
Key_Get_Pressed                                   key.o
Key_ISR_Enable                                    key.o
                                                  main.o
Key_Poll_Init                                     key.o
                                                  main.o
Key_Value                                         stm32f10x_it.o
                                                  main.o
Key_Wait_Key_Pressed                              key.o
Key_Wait_Key_Released                             key.o
LED_All_Off                                       led.o
LED_All_On                                        led.o
LED_Display                                       led.o
LED_Init                                          led.o
                                                  main.o
Main                                              main.o
                                                  crt0.o
MemManage_Handler                                 stm32f10x_it.o
NMI_Handler                                       stm32f10x_it.o
PVD_IRQHandler                                    stm32f10x_it.o
                                                  crt0.o
PWM_Set_Duty_Cycle                                timer.o
                                                  main.o
PendSV_Handler                                    stm32f10x_it.o
RCC_IRQHandler                                    stm32f10x_it.o
                                                  crt0.o
RTCAlarm_IRQHandler                               stm32f10x_it.o
                                                  crt0.o
RTC_IRQHandler                                    stm32f10x_it.o
                                                  crt0.o
SPI1_IRQHandler                                   stm32f10x_it.o
                                                  crt0.o
SPI2_IRQHandler                                   stm32f10x_it.o
                                                  crt0.o
SVC_Handler                                       stm32f10x_it.o
SysTick_Check_Timeout                             systick.o
SysTick_Flag                                      stm32f10x_it.o
SysTick_Get_Load_Time                             systick.o
SysTick_Get_Time                                  systick.o
SysTick_Handler                                   stm32f10x_it.o
                                                  crt0.o
SysTick_OS_Tick                                   systick.o
SysTick_Run                                       systick.o
SysTick_Stop                                      systick.o
TAMPER_IRQHandler                                 stm32f10x_it.o
                                                  crt0.o
TIM1_BRK_IRQHandler                               stm32f10x_it.o
                                                  crt0.o
TIM1_CC_IRQHandler                                stm32f10x_it.o
                                                  crt0.o
TIM1_TRG_COM_IRQHandler                           stm32f10x_it.o
                                                  crt0.o
TIM1_UP_IRQHandler                                stm32f10x_it.o
                                                  crt0.o
TIM2_IRQHandler                                   stm32f10x_it.o
                                                  crt0.o
TIM2_PWM_Init                                     timer.o
                                                  main.o
TIM3_IRQHandler                                   stm32f10x_it.o
                                                  crt0.o
TIM4_Delay                                        timer.o
                                                  main.o
TIM4_Expired                                      stm32f10x_it.o
TIM4_IRQHandler                                   stm32f10x_it.o
                                                  crt0.o
USART1_IRQHandler                                 stm32f10x_it.o
                                                  crt0.o
USART2_IRQHandler                                 stm32f10x_it.o
                                                  crt0.o
USART3_IRQHandler                                 stm32f10x_it.o
                                                  crt0.o
USBWakeUp_IRQHandler                              stm32f10x_it.o
                                                  crt0.o
USB_HP_CAN_TX_IRQHandler                          stm32f10x_it.o
USB_LP_CAN_RX0_IRQHandler                         stm32f10x_it.o
Uart1_Get_Char                                    uart.o
Uart1_Get_Pressed                                 uart.o
Uart1_Init                                        uart.o
                                                  main.o
Uart1_Printf                                      uart.o
                                                  crt0.o
                                                  timer.o
                                                  stm32f10x_it.o
                                                  main.o
                                                  adc.o
Uart1_RX_Interrupt_Enable                         uart.o
                                                  main.o
Uart1_Rx_Data                                     stm32f10x_it.o
                                                  main.o
Uart1_Rx_In                                       stm32f10x_it.o
                                                  main.o
Uart1_Send_Byte                                   uart.o
Uart1_Send_String                                 uart.o
UsageFault_Handler                                stm32f10x_it.o
WWDG_IRQHandler                                   stm32f10x_it.o
                                                  crt0.o
_Balloc                                           C:\CodeSourcery\Sourcery G++ Lite/arm-none-eabi/lib/thumb2\libc.a(lib_a-mprec.o)
                                                  C:\CodeSourcery\Sourcery G++ Lite/arm-none-eabi/lib/thumb2\libc.a(lib_a-dtoa.o)
_Bfree                                            C:\CodeSourcery\Sourcery G++ Lite/arm-none-eabi/lib/thumb2\libc.a(lib_a-mprec.o)
                                                  C:\CodeSourcery\Sourcery G++ Lite/arm-none-eabi/lib/thumb2\libc.a(lib_a-dtoa.o)
_HardFault_Handler                                crt0.o
_PathLocale                                       C:\CodeSourcery\Sourcery G++ Lite/arm-none-eabi/lib/thumb2\libc.a(lib_a-locale.o)
_Print_Reg                                        crt0.o
__LDREXB                                          core_cm3.o
__LDREXH                                          core_cm3.o
__LDREXW                                          core_cm3.o
__RBIT                                            core_cm3.o
__REV                                             core_cm3.o
__REV16                                           core_cm3.o
__REVSH                                           core_cm3.o
__RO_LIMIT__                                      crt0.o
__RW_BASE__                                       crt0.o
__STREXB                                          core_cm3.o
__STREXH                                          core_cm3.o
__STREXW                                          core_cm3.o
__ZI_BASE__                                       crt0.o
__ZI_LIMIT__                                      crt0.o
                                                  runtime.o
__adddf3                                          C:\CodeSourcery\Sourcery G++ Lite/lib/gcc/arm-none-eabi/4.8.1/thumb2\libgcc.a(_arm_addsubdf3.o)
__aeabi_cdcmpeq                                   C:\CodeSourcery\Sourcery G++ Lite/lib/gcc/arm-none-eabi/4.8.1/thumb2\libgcc.a(_arm_cmpdf2.o)
__aeabi_cdcmple                                   C:\CodeSourcery\Sourcery G++ Lite/lib/gcc/arm-none-eabi/4.8.1/thumb2\libgcc.a(_arm_cmpdf2.o)
__aeabi_cdrcmple                                  C:\CodeSourcery\Sourcery G++ Lite/lib/gcc/arm-none-eabi/4.8.1/thumb2\libgcc.a(_arm_cmpdf2.o)
__aeabi_d2iz                                      C:\CodeSourcery\Sourcery G++ Lite/lib/gcc/arm-none-eabi/4.8.1/thumb2\libgcc.a(_arm_fixdfsi.o)
                                                  C:\CodeSourcery\Sourcery G++ Lite/arm-none-eabi/lib/thumb2\libc.a(lib_a-dtoa.o)
                                                  uart.o
__aeabi_d2uiz                                     C:\CodeSourcery\Sourcery G++ Lite/lib/gcc/arm-none-eabi/4.8.1/thumb2\libgcc.a(_arm_fixunsdfsi.o)
                                                  systick.o
__aeabi_dadd                                      C:\CodeSourcery\Sourcery G++ Lite/lib/gcc/arm-none-eabi/4.8.1/thumb2\libgcc.a(_arm_addsubdf3.o)
                                                  C:\CodeSourcery\Sourcery G++ Lite/arm-none-eabi/lib/thumb2\libc.a(lib_a-dtoa.o)
                                                  uart.o
                                                  systick.o
__aeabi_dcmpeq                                    C:\CodeSourcery\Sourcery G++ Lite/lib/gcc/arm-none-eabi/4.8.1/thumb2\libgcc.a(_arm_cmpdf2.o)
                                                  C:\CodeSourcery\Sourcery G++ Lite/arm-none-eabi/lib/thumb2\libc.a(lib_a-dtoa.o)
                                                  C:\CodeSourcery\Sourcery G++ Lite/arm-none-eabi/lib/thumb2\libc.a(lib_a-svfprintf.o)
__aeabi_dcmpge                                    C:\CodeSourcery\Sourcery G++ Lite/lib/gcc/arm-none-eabi/4.8.1/thumb2\libgcc.a(_arm_cmpdf2.o)
                                                  C:\CodeSourcery\Sourcery G++ Lite/arm-none-eabi/lib/thumb2\libc.a(lib_a-dtoa.o)
__aeabi_dcmpgt                                    C:\CodeSourcery\Sourcery G++ Lite/lib/gcc/arm-none-eabi/4.8.1/thumb2\libgcc.a(_arm_cmpdf2.o)
                                                  C:\CodeSourcery\Sourcery G++ Lite/arm-none-eabi/lib/thumb2\libc.a(lib_a-dtoa.o)
__aeabi_dcmple                                    C:\CodeSourcery\Sourcery G++ Lite/lib/gcc/arm-none-eabi/4.8.1/thumb2\libgcc.a(_arm_cmpdf2.o)
__aeabi_dcmplt                                    C:\CodeSourcery\Sourcery G++ Lite/lib/gcc/arm-none-eabi/4.8.1/thumb2\libgcc.a(_arm_cmpdf2.o)
                                                  C:\CodeSourcery\Sourcery G++ Lite/arm-none-eabi/lib/thumb2\libc.a(lib_a-dtoa.o)
                                                  C:\CodeSourcery\Sourcery G++ Lite/arm-none-eabi/lib/thumb2\libc.a(lib_a-svfprintf.o)
__aeabi_ddiv                                      C:\CodeSourcery\Sourcery G++ Lite/lib/gcc/arm-none-eabi/4.8.1/thumb2\libgcc.a(_arm_muldivdf3.o)
                                                  C:\CodeSourcery\Sourcery G++ Lite/arm-none-eabi/lib/thumb2\libc.a(lib_a-mprec.o)
                                                  C:\CodeSourcery\Sourcery G++ Lite/arm-none-eabi/lib/thumb2\libc.a(lib_a-dtoa.o)
                                                  uart.o
__aeabi_dmul                                      C:\CodeSourcery\Sourcery G++ Lite/lib/gcc/arm-none-eabi/4.8.1/thumb2\libgcc.a(_arm_muldivdf3.o)
                                                  C:\CodeSourcery\Sourcery G++ Lite/arm-none-eabi/lib/thumb2\libc.a(lib_a-mprec.o)
                                                  C:\CodeSourcery\Sourcery G++ Lite/arm-none-eabi/lib/thumb2\libc.a(lib_a-dtoa.o)
                                                  uart.o
                                                  systick.o
__aeabi_drsub                                     C:\CodeSourcery\Sourcery G++ Lite/lib/gcc/arm-none-eabi/4.8.1/thumb2\libgcc.a(_arm_addsubdf3.o)
__aeabi_dsub                                      C:\CodeSourcery\Sourcery G++ Lite/lib/gcc/arm-none-eabi/4.8.1/thumb2\libgcc.a(_arm_addsubdf3.o)
                                                  C:\CodeSourcery\Sourcery G++ Lite/arm-none-eabi/lib/thumb2\libc.a(lib_a-dtoa.o)
                                                  uart.o
__aeabi_f2d                                       C:\CodeSourcery\Sourcery G++ Lite/lib/gcc/arm-none-eabi/4.8.1/thumb2\libgcc.a(_arm_addsubdf3.o)
__aeabi_i2d                                       C:\CodeSourcery\Sourcery G++ Lite/lib/gcc/arm-none-eabi/4.8.1/thumb2\libgcc.a(_arm_addsubdf3.o)
                                                  C:\CodeSourcery\Sourcery G++ Lite/arm-none-eabi/lib/thumb2\libc.a(lib_a-dtoa.o)
                                                  uart.o
__aeabi_idiv0                                     C:\CodeSourcery\Sourcery G++ Lite/lib/gcc/arm-none-eabi/4.8.1/thumb2\libgcc.a(_dvmd_tls.o)
                                                  C:\CodeSourcery\Sourcery G++ Lite/lib/gcc/arm-none-eabi/4.8.1/thumb2\libgcc.a(_udivsi3.o)
__aeabi_l2d                                       C:\CodeSourcery\Sourcery G++ Lite/lib/gcc/arm-none-eabi/4.8.1/thumb2\libgcc.a(_arm_addsubdf3.o)
__aeabi_ldiv0                                     C:\CodeSourcery\Sourcery G++ Lite/lib/gcc/arm-none-eabi/4.8.1/thumb2\libgcc.a(_dvmd_tls.o)
                                                  C:\CodeSourcery\Sourcery G++ Lite/lib/gcc/arm-none-eabi/4.8.1/thumb2\libgcc.a(_aeabi_uldivmod.o)
__aeabi_ui2d                                      C:\CodeSourcery\Sourcery G++ Lite/lib/gcc/arm-none-eabi/4.8.1/thumb2\libgcc.a(_arm_addsubdf3.o)
                                                  C:\CodeSourcery\Sourcery G++ Lite/arm-none-eabi/lib/thumb2\libc.a(lib_a-dtoa.o)
                                                  uart.o
                                                  systick.o
__aeabi_uidiv                                     C:\CodeSourcery\Sourcery G++ Lite/lib/gcc/arm-none-eabi/4.8.1/thumb2\libgcc.a(_udivsi3.o)
                                                  C:\CodeSourcery\Sourcery G++ Lite/lib/gcc/arm-none-eabi/4.8.1/thumb2\libgcc.a(_udivdi3.o)
                                                  C:\CodeSourcery\Sourcery G++ Lite/lib/gcc/arm-none-eabi/4.8.1/thumb2\libgcc.a(_divdi3.o)
                                                  C:\CodeSourcery\Sourcery G++ Lite/arm-none-eabi/lib/thumb2\libc.a(lib_a-dtoa.o)
__aeabi_uidivmod                                  C:\CodeSourcery\Sourcery G++ Lite/lib/gcc/arm-none-eabi/4.8.1/thumb2\libgcc.a(_udivsi3.o)
                                                  C:\CodeSourcery\Sourcery G++ Lite/lib/gcc/arm-none-eabi/4.8.1/thumb2\libgcc.a(_udivdi3.o)
                                                  C:\CodeSourcery\Sourcery G++ Lite/lib/gcc/arm-none-eabi/4.8.1/thumb2\libgcc.a(_divdi3.o)
__aeabi_ul2d                                      C:\CodeSourcery\Sourcery G++ Lite/lib/gcc/arm-none-eabi/4.8.1/thumb2\libgcc.a(_arm_addsubdf3.o)
__aeabi_uldivmod                                  C:\CodeSourcery\Sourcery G++ Lite/lib/gcc/arm-none-eabi/4.8.1/thumb2\libgcc.a(_aeabi_uldivmod.o)
                                                  C:\CodeSourcery\Sourcery G++ Lite/arm-none-eabi/lib/thumb2\libc.a(lib_a-svfiprintf.o)
                                                  C:\CodeSourcery\Sourcery G++ Lite/arm-none-eabi/lib/thumb2\libc.a(lib_a-svfprintf.o)
__any_on                                          C:\CodeSourcery\Sourcery G++ Lite/arm-none-eabi/lib/thumb2\libc.a(lib_a-mprec.o)
__b2d                                             C:\CodeSourcery\Sourcery G++ Lite/arm-none-eabi/lib/thumb2\libc.a(lib_a-mprec.o)
__cmpdf2                                          C:\CodeSourcery\Sourcery G++ Lite/lib/gcc/arm-none-eabi/4.8.1/thumb2\libgcc.a(_arm_cmpdf2.o)
__copybits                                        C:\CodeSourcery\Sourcery G++ Lite/arm-none-eabi/lib/thumb2\libc.a(lib_a-mprec.o)
__d2b                                             C:\CodeSourcery\Sourcery G++ Lite/arm-none-eabi/lib/thumb2\libc.a(lib_a-mprec.o)
                                                  C:\CodeSourcery\Sourcery G++ Lite/arm-none-eabi/lib/thumb2\libc.a(lib_a-dtoa.o)
__divdf3                                          C:\CodeSourcery\Sourcery G++ Lite/lib/gcc/arm-none-eabi/4.8.1/thumb2\libgcc.a(_arm_muldivdf3.o)
__divdi3                                          C:\CodeSourcery\Sourcery G++ Lite/lib/gcc/arm-none-eabi/4.8.1/thumb2\libgcc.a(_divdi3.o)
                                                  C:\CodeSourcery\Sourcery G++ Lite/lib/gcc/arm-none-eabi/4.8.1/thumb2\libgcc.a(bpabi.o)
__eqdf2                                           C:\CodeSourcery\Sourcery G++ Lite/lib/gcc/arm-none-eabi/4.8.1/thumb2\libgcc.a(_arm_cmpdf2.o)
__extendsfdf2                                     C:\CodeSourcery\Sourcery G++ Lite/lib/gcc/arm-none-eabi/4.8.1/thumb2\libgcc.a(_arm_addsubdf3.o)
__fixdfsi                                         C:\CodeSourcery\Sourcery G++ Lite/lib/gcc/arm-none-eabi/4.8.1/thumb2\libgcc.a(_arm_fixdfsi.o)
__fixunsdfsi                                      C:\CodeSourcery\Sourcery G++ Lite/lib/gcc/arm-none-eabi/4.8.1/thumb2\libgcc.a(_arm_fixunsdfsi.o)
__floatdidf                                       C:\CodeSourcery\Sourcery G++ Lite/lib/gcc/arm-none-eabi/4.8.1/thumb2\libgcc.a(_arm_addsubdf3.o)
__floatsidf                                       C:\CodeSourcery\Sourcery G++ Lite/lib/gcc/arm-none-eabi/4.8.1/thumb2\libgcc.a(_arm_addsubdf3.o)
__floatundidf                                     C:\CodeSourcery\Sourcery G++ Lite/lib/gcc/arm-none-eabi/4.8.1/thumb2\libgcc.a(_arm_addsubdf3.o)
__floatunsidf                                     C:\CodeSourcery\Sourcery G++ Lite/lib/gcc/arm-none-eabi/4.8.1/thumb2\libgcc.a(_arm_addsubdf3.o)
__fpclassifyd                                     C:\CodeSourcery\Sourcery G++ Lite/arm-none-eabi/lib/thumb2\libc.a(lib_a-s_fpclassify.o)
                                                  C:\CodeSourcery\Sourcery G++ Lite/arm-none-eabi/lib/thumb2\libc.a(lib_a-svfprintf.o)
__gedf2                                           C:\CodeSourcery\Sourcery G++ Lite/lib/gcc/arm-none-eabi/4.8.1/thumb2\libgcc.a(_arm_cmpdf2.o)
__get_BASEPRI                                     core_cm3.o
__get_CONTROL                                     core_cm3.o
__get_FAULTMASK                                   core_cm3.o
__get_MSP                                         core_cm3.o
__get_PRIMASK                                     core_cm3.o
__get_PSP                                         core_cm3.o
__gnu_ldivmod_helper                              C:\CodeSourcery\Sourcery G++ Lite/lib/gcc/arm-none-eabi/4.8.1/thumb2\libgcc.a(bpabi.o)
__gnu_uldivmod_helper                             C:\CodeSourcery\Sourcery G++ Lite/lib/gcc/arm-none-eabi/4.8.1/thumb2\libgcc.a(bpabi.o)
                                                  C:\CodeSourcery\Sourcery G++ Lite/lib/gcc/arm-none-eabi/4.8.1/thumb2\libgcc.a(_aeabi_uldivmod.o)
__gtdf2                                           C:\CodeSourcery\Sourcery G++ Lite/lib/gcc/arm-none-eabi/4.8.1/thumb2\libgcc.a(_arm_cmpdf2.o)
__hi0bits                                         C:\CodeSourcery\Sourcery G++ Lite/arm-none-eabi/lib/thumb2\libc.a(lib_a-mprec.o)
                                                  C:\CodeSourcery\Sourcery G++ Lite/arm-none-eabi/lib/thumb2\libc.a(lib_a-dtoa.o)
__i2b                                             C:\CodeSourcery\Sourcery G++ Lite/arm-none-eabi/lib/thumb2\libc.a(lib_a-mprec.o)
                                                  C:\CodeSourcery\Sourcery G++ Lite/arm-none-eabi/lib/thumb2\libc.a(lib_a-dtoa.o)
__ledf2                                           C:\CodeSourcery\Sourcery G++ Lite/lib/gcc/arm-none-eabi/4.8.1/thumb2\libgcc.a(_arm_cmpdf2.o)
__lo0bits                                         C:\CodeSourcery\Sourcery G++ Lite/arm-none-eabi/lib/thumb2\libc.a(lib_a-mprec.o)
__locale_charset                                  C:\CodeSourcery\Sourcery G++ Lite/arm-none-eabi/lib/thumb2\libc.a(lib_a-locale.o)
__locale_cjk_lang                                 C:\CodeSourcery\Sourcery G++ Lite/arm-none-eabi/lib/thumb2\libc.a(lib_a-locale.o)
__locale_mb_cur_max                               C:\CodeSourcery\Sourcery G++ Lite/arm-none-eabi/lib/thumb2\libc.a(lib_a-locale.o)
__locale_msgcharset                               C:\CodeSourcery\Sourcery G++ Lite/arm-none-eabi/lib/thumb2\libc.a(lib_a-locale.o)
__lshift                                          C:\CodeSourcery\Sourcery G++ Lite/arm-none-eabi/lib/thumb2\libc.a(lib_a-mprec.o)
                                                  C:\CodeSourcery\Sourcery G++ Lite/arm-none-eabi/lib/thumb2\libc.a(lib_a-dtoa.o)
__ltdf2                                           C:\CodeSourcery\Sourcery G++ Lite/lib/gcc/arm-none-eabi/4.8.1/thumb2\libgcc.a(_arm_cmpdf2.o)
__malloc_av_                                      C:\CodeSourcery\Sourcery G++ Lite/arm-none-eabi/lib/thumb2\libc.a(lib_a-mallocr.o)
                                                  C:\CodeSourcery\Sourcery G++ Lite/arm-none-eabi/lib/thumb2\libc.a(lib_a-reallocr.o)
                                                  C:\CodeSourcery\Sourcery G++ Lite/arm-none-eabi/lib/thumb2\libc.a(lib_a-freer.o)
__malloc_current_mallinfo                         C:\CodeSourcery\Sourcery G++ Lite/arm-none-eabi/lib/thumb2\libc.a(lib_a-mallocr.o)
                                                  C:\CodeSourcery\Sourcery G++ Lite/arm-none-eabi/lib/thumb2\libc.a(lib_a-freer.o)
__malloc_lock                                     C:\CodeSourcery\Sourcery G++ Lite/arm-none-eabi/lib/thumb2\libc.a(lib_a-mlock.o)
                                                  C:\CodeSourcery\Sourcery G++ Lite/arm-none-eabi/lib/thumb2\libc.a(lib_a-reallocr.o)
                                                  C:\CodeSourcery\Sourcery G++ Lite/arm-none-eabi/lib/thumb2\libc.a(lib_a-freer.o)
                                                  C:\CodeSourcery\Sourcery G++ Lite/arm-none-eabi/lib/thumb2\libc.a(lib_a-mallocr.o)
__malloc_max_sbrked_mem                           C:\CodeSourcery\Sourcery G++ Lite/arm-none-eabi/lib/thumb2\libc.a(lib_a-mallocr.o)
__malloc_max_total_mem                            C:\CodeSourcery\Sourcery G++ Lite/arm-none-eabi/lib/thumb2\libc.a(lib_a-mallocr.o)
__malloc_sbrk_base                                C:\CodeSourcery\Sourcery G++ Lite/arm-none-eabi/lib/thumb2\libc.a(lib_a-mallocr.o)
                                                  C:\CodeSourcery\Sourcery G++ Lite/arm-none-eabi/lib/thumb2\libc.a(lib_a-freer.o)
__malloc_top_pad                                  C:\CodeSourcery\Sourcery G++ Lite/arm-none-eabi/lib/thumb2\libc.a(lib_a-mallocr.o)
                                                  C:\CodeSourcery\Sourcery G++ Lite/arm-none-eabi/lib/thumb2\libc.a(lib_a-freer.o)
__malloc_trim_threshold                           C:\CodeSourcery\Sourcery G++ Lite/arm-none-eabi/lib/thumb2\libc.a(lib_a-mallocr.o)
                                                  C:\CodeSourcery\Sourcery G++ Lite/arm-none-eabi/lib/thumb2\libc.a(lib_a-freer.o)
__malloc_unlock                                   C:\CodeSourcery\Sourcery G++ Lite/arm-none-eabi/lib/thumb2\libc.a(lib_a-mlock.o)
                                                  C:\CodeSourcery\Sourcery G++ Lite/arm-none-eabi/lib/thumb2\libc.a(lib_a-reallocr.o)
                                                  C:\CodeSourcery\Sourcery G++ Lite/arm-none-eabi/lib/thumb2\libc.a(lib_a-freer.o)
                                                  C:\CodeSourcery\Sourcery G++ Lite/arm-none-eabi/lib/thumb2\libc.a(lib_a-mallocr.o)
__mb_cur_max                                      C:\CodeSourcery\Sourcery G++ Lite/arm-none-eabi/lib/thumb2\libc.a(lib_a-locale.o)
__mcmp                                            C:\CodeSourcery\Sourcery G++ Lite/arm-none-eabi/lib/thumb2\libc.a(lib_a-mprec.o)
                                                  C:\CodeSourcery\Sourcery G++ Lite/arm-none-eabi/lib/thumb2\libc.a(lib_a-dtoa.o)
__mdiff                                           C:\CodeSourcery\Sourcery G++ Lite/arm-none-eabi/lib/thumb2\libc.a(lib_a-mprec.o)
                                                  C:\CodeSourcery\Sourcery G++ Lite/arm-none-eabi/lib/thumb2\libc.a(lib_a-dtoa.o)
__mlocale_changed                                 C:\CodeSourcery\Sourcery G++ Lite/arm-none-eabi/lib/thumb2\libc.a(lib_a-locale.o)
__mprec_bigtens                                   C:\CodeSourcery\Sourcery G++ Lite/arm-none-eabi/lib/thumb2\libc.a(lib_a-mprec.o)
                                                  C:\CodeSourcery\Sourcery G++ Lite/arm-none-eabi/lib/thumb2\libc.a(lib_a-dtoa.o)
__mprec_tens                                      C:\CodeSourcery\Sourcery G++ Lite/arm-none-eabi/lib/thumb2\libc.a(lib_a-mprec.o)
                                                  C:\CodeSourcery\Sourcery G++ Lite/arm-none-eabi/lib/thumb2\libc.a(lib_a-dtoa.o)
__mprec_tinytens                                  C:\CodeSourcery\Sourcery G++ Lite/arm-none-eabi/lib/thumb2\libc.a(lib_a-mprec.o)
__muldf3                                          C:\CodeSourcery\Sourcery G++ Lite/lib/gcc/arm-none-eabi/4.8.1/thumb2\libgcc.a(_arm_muldivdf3.o)
__multadd                                         C:\CodeSourcery\Sourcery G++ Lite/arm-none-eabi/lib/thumb2\libc.a(lib_a-mprec.o)
                                                  C:\CodeSourcery\Sourcery G++ Lite/arm-none-eabi/lib/thumb2\libc.a(lib_a-dtoa.o)
__multiply                                        C:\CodeSourcery\Sourcery G++ Lite/arm-none-eabi/lib/thumb2\libc.a(lib_a-mprec.o)
                                                  C:\CodeSourcery\Sourcery G++ Lite/arm-none-eabi/lib/thumb2\libc.a(lib_a-dtoa.o)
__nedf2                                           C:\CodeSourcery\Sourcery G++ Lite/lib/gcc/arm-none-eabi/4.8.1/thumb2\libgcc.a(_arm_cmpdf2.o)
__nlocale_changed                                 C:\CodeSourcery\Sourcery G++ Lite/arm-none-eabi/lib/thumb2\libc.a(lib_a-locale.o)
__pow5mult                                        C:\CodeSourcery\Sourcery G++ Lite/arm-none-eabi/lib/thumb2\libc.a(lib_a-mprec.o)
                                                  C:\CodeSourcery\Sourcery G++ Lite/arm-none-eabi/lib/thumb2\libc.a(lib_a-dtoa.o)
__ratio                                           C:\CodeSourcery\Sourcery G++ Lite/arm-none-eabi/lib/thumb2\libc.a(lib_a-mprec.o)
__s2b                                             C:\CodeSourcery\Sourcery G++ Lite/arm-none-eabi/lib/thumb2\libc.a(lib_a-mprec.o)
__set_BASEPRI                                     core_cm3.o
__set_CONTROL                                     core_cm3.o
__set_FAULTMASK                                   core_cm3.o
__set_MSP                                         core_cm3.o
__set_PRIMASK                                     core_cm3.o
__set_PSP                                         core_cm3.o
__sf_fake_stderr                                  C:\CodeSourcery\Sourcery G++ Lite/arm-none-eabi/lib/thumb2\libc.a(lib_a-impure.o)
__sf_fake_stdin                                   C:\CodeSourcery\Sourcery G++ Lite/arm-none-eabi/lib/thumb2\libc.a(lib_a-impure.o)
__sf_fake_stdout                                  C:\CodeSourcery\Sourcery G++ Lite/arm-none-eabi/lib/thumb2\libc.a(lib_a-impure.o)
__ssprint_r                                       C:\CodeSourcery\Sourcery G++ Lite/arm-none-eabi/lib/thumb2\libc.a(lib_a-svfiprintf.o)
                                                  C:\CodeSourcery\Sourcery G++ Lite/arm-none-eabi/lib/thumb2\libc.a(lib_a-svfprintf.o)
__start                                           crt0.o
__subdf3                                          C:\CodeSourcery\Sourcery G++ Lite/lib/gcc/arm-none-eabi/4.8.1/thumb2\libgcc.a(_arm_addsubdf3.o)
__udivdi3                                         C:\CodeSourcery\Sourcery G++ Lite/lib/gcc/arm-none-eabi/4.8.1/thumb2\libgcc.a(_udivdi3.o)
                                                  C:\CodeSourcery\Sourcery G++ Lite/lib/gcc/arm-none-eabi/4.8.1/thumb2\libgcc.a(bpabi.o)
__udivsi3                                         C:\CodeSourcery\Sourcery G++ Lite/lib/gcc/arm-none-eabi/4.8.1/thumb2\libgcc.a(_udivsi3.o)
__ulp                                             C:\CodeSourcery\Sourcery G++ Lite/arm-none-eabi/lib/thumb2\libc.a(lib_a-mprec.o)
_calloc_r                                         C:\CodeSourcery\Sourcery G++ Lite/arm-none-eabi/lib/thumb2\libc.a(lib_a-callocr.o)
                                                  C:\CodeSourcery\Sourcery G++ Lite/arm-none-eabi/lib/thumb2\libc.a(lib_a-mprec.o)
_dtoa_r                                           C:\CodeSourcery\Sourcery G++ Lite/arm-none-eabi/lib/thumb2\libc.a(lib_a-dtoa.o)
                                                  C:\CodeSourcery\Sourcery G++ Lite/arm-none-eabi/lib/thumb2\libc.a(lib_a-svfprintf.o)
_free_r                                           C:\CodeSourcery\Sourcery G++ Lite/arm-none-eabi/lib/thumb2\libc.a(lib_a-freer.o)
                                                  C:\CodeSourcery\Sourcery G++ Lite/arm-none-eabi/lib/thumb2\libc.a(lib_a-reent.o)
                                                  C:\CodeSourcery\Sourcery G++ Lite/arm-none-eabi/lib/thumb2\libc.a(lib_a-reallocr.o)
                                                  C:\CodeSourcery\Sourcery G++ Lite/arm-none-eabi/lib/thumb2\libc.a(lib_a-svfiprintf.o)
                                                  C:\CodeSourcery\Sourcery G++ Lite/arm-none-eabi/lib/thumb2\libc.a(lib_a-mallocr.o)
                                                  C:\CodeSourcery\Sourcery G++ Lite/arm-none-eabi/lib/thumb2\libc.a(lib_a-malloc.o)
_global_impure_ptr                                C:\CodeSourcery\Sourcery G++ Lite/arm-none-eabi/lib/thumb2\libc.a(lib_a-impure.o)
_impure_ptr                                       C:\CodeSourcery\Sourcery G++ Lite/arm-none-eabi/lib/thumb2\libc.a(lib_a-impure.o)
                                                  C:\CodeSourcery\Sourcery G++ Lite/arm-none-eabi/lib/thumb2\libc.a(lib_a-reent.o)
                                                  C:\CodeSourcery\Sourcery G++ Lite/arm-none-eabi/lib/thumb2\libc.a(lib_a-malloc.o)
                                                  C:\CodeSourcery\Sourcery G++ Lite/arm-none-eabi/lib/thumb2\libc.a(lib_a-locale.o)
                                                  C:\CodeSourcery\Sourcery G++ Lite/arm-none-eabi/lib/thumb2\libc.a(lib_a-vsprintf.o)
_localeconv_r                                     C:\CodeSourcery\Sourcery G++ Lite/arm-none-eabi/lib/thumb2\libc.a(lib_a-locale.o)
                                                  C:\CodeSourcery\Sourcery G++ Lite/arm-none-eabi/lib/thumb2\libc.a(lib_a-svfprintf.o)
_malloc_r                                         C:\CodeSourcery\Sourcery G++ Lite/arm-none-eabi/lib/thumb2\libc.a(lib_a-mallocr.o)
                                                  C:\CodeSourcery\Sourcery G++ Lite/arm-none-eabi/lib/thumb2\libc.a(lib_a-reallocr.o)
                                                  C:\CodeSourcery\Sourcery G++ Lite/arm-none-eabi/lib/thumb2\libc.a(lib_a-callocr.o)
                                                  C:\CodeSourcery\Sourcery G++ Lite/arm-none-eabi/lib/thumb2\libc.a(lib_a-svfiprintf.o)
                                                  C:\CodeSourcery\Sourcery G++ Lite/arm-none-eabi/lib/thumb2\libc.a(lib_a-malloc.o)
                                                  C:\CodeSourcery\Sourcery G++ Lite/arm-none-eabi/lib/thumb2\libc.a(lib_a-svfprintf.o)
_malloc_trim_r                                    C:\CodeSourcery\Sourcery G++ Lite/arm-none-eabi/lib/thumb2\libc.a(lib_a-freer.o)
_mprec_log10                                      C:\CodeSourcery\Sourcery G++ Lite/arm-none-eabi/lib/thumb2\libc.a(lib_a-mprec.o)
_realloc_r                                        C:\CodeSourcery\Sourcery G++ Lite/arm-none-eabi/lib/thumb2\libc.a(lib_a-reallocr.o)
                                                  C:\CodeSourcery\Sourcery G++ Lite/arm-none-eabi/lib/thumb2\libc.a(lib_a-svfiprintf.o)
_reclaim_reent                                    C:\CodeSourcery\Sourcery G++ Lite/arm-none-eabi/lib/thumb2\libc.a(lib_a-reent.o)
_sbrk                                             runtime.o
                                                  C:\CodeSourcery\Sourcery G++ Lite/arm-none-eabi/lib/thumb2\libc.a(lib_a-sbrkr.o)
_sbrk_r                                           C:\CodeSourcery\Sourcery G++ Lite/arm-none-eabi/lib/thumb2\libc.a(lib_a-sbrkr.o)
                                                  C:\CodeSourcery\Sourcery G++ Lite/arm-none-eabi/lib/thumb2\libc.a(lib_a-freer.o)
                                                  C:\CodeSourcery\Sourcery G++ Lite/arm-none-eabi/lib/thumb2\libc.a(lib_a-mallocr.o)
_setlocale_r                                      C:\CodeSourcery\Sourcery G++ Lite/arm-none-eabi/lib/thumb2\libc.a(lib_a-locale.o)
_svfiprintf_r                                     C:\CodeSourcery\Sourcery G++ Lite/arm-none-eabi/lib/thumb2\libc.a(lib_a-svfiprintf.o)
_svfprintf_r                                      C:\CodeSourcery\Sourcery G++ Lite/arm-none-eabi/lib/thumb2\libc.a(lib_a-svfprintf.o)
                                                  C:\CodeSourcery\Sourcery G++ Lite/arm-none-eabi/lib/thumb2\libc.a(lib_a-vsprintf.o)
_vsprintf_r                                       C:\CodeSourcery\Sourcery G++ Lite/arm-none-eabi/lib/thumb2\libc.a(lib_a-vsprintf.o)
cdsValue                                          main.o
cleanup_glue                                      C:\CodeSourcery\Sourcery G++ Lite/arm-none-eabi/lib/thumb2\libc.a(lib_a-reent.o)
curMode                                           main.o
curOperation                                      main.o
errno                                             C:\CodeSourcery\Sourcery G++ Lite/arm-none-eabi/lib/thumb2\libc.a(lib_a-reent.o)
                                                  C:\CodeSourcery\Sourcery G++ Lite/arm-none-eabi/lib/thumb2\libc.a(lib_a-sbrkr.o)
free                                              C:\CodeSourcery\Sourcery G++ Lite/arm-none-eabi/lib/thumb2\libc.a(lib_a-malloc.o)
lightInterval                                     main.o
localeconv                                        C:\CodeSourcery\Sourcery G++ Lite/arm-none-eabi/lib/thumb2\libc.a(lib_a-locale.o)
malloc                                            C:\CodeSourcery\Sourcery G++ Lite/arm-none-eabi/lib/thumb2\libc.a(lib_a-malloc.o)
                                                  C:\CodeSourcery\Sourcery G++ Lite/arm-none-eabi/lib/thumb2\libc.a(lib_a-mprec.o)
                                                  C:\CodeSourcery\Sourcery G++ Lite/arm-none-eabi/lib/thumb2\libc.a(lib_a-dtoa.o)
memchr                                            C:\CodeSourcery\Sourcery G++ Lite/arm-none-eabi/lib/thumb2\libc.a(lib_a-memchr-stub.o)
                                                  C:\CodeSourcery\Sourcery G++ Lite/arm-none-eabi/lib/thumb2\libc.a(lib_a-svfiprintf.o)
                                                  C:\CodeSourcery\Sourcery G++ Lite/arm-none-eabi/lib/thumb2\libc.a(lib_a-svfprintf.o)
memcpy                                            C:\CodeSourcery\Sourcery G++ Lite/arm-none-eabi/lib/thumb2\libc.a(lib_a-memcpy-stub.o)
                                                  C:\CodeSourcery\Sourcery G++ Lite/arm-none-eabi/lib/thumb2\libc.a(lib_a-svfiprintf.o)
                                                  C:\CodeSourcery\Sourcery G++ Lite/arm-none-eabi/lib/thumb2\libc.a(lib_a-mprec.o)
                                                  C:\CodeSourcery\Sourcery G++ Lite/arm-none-eabi/lib/thumb2\libc.a(lib_a-dtoa.o)
memmove                                           C:\CodeSourcery\Sourcery G++ Lite/arm-none-eabi/lib/thumb2\libc.a(lib_a-memmove.o)
                                                  C:\CodeSourcery\Sourcery G++ Lite/arm-none-eabi/lib/thumb2\libc.a(lib_a-reallocr.o)
                                                  C:\CodeSourcery\Sourcery G++ Lite/arm-none-eabi/lib/thumb2\libc.a(lib_a-svfiprintf.o)
memset                                            C:\CodeSourcery\Sourcery G++ Lite/arm-none-eabi/lib/thumb2\libc.a(lib_a-memset.o)
                                                  C:\CodeSourcery\Sourcery G++ Lite/arm-none-eabi/lib/thumb2\libc.a(lib_a-callocr.o)
power                                             main.o
setlocale                                         C:\CodeSourcery\Sourcery G++ Lite/arm-none-eabi/lib/thumb2\libc.a(lib_a-locale.o)
strcmp                                            C:\CodeSourcery\Sourcery G++ Lite/arm-none-eabi/lib/thumb2\libc.a(lib_a-strcmp.o)
                                                  C:\CodeSourcery\Sourcery G++ Lite/arm-none-eabi/lib/thumb2\libc.a(lib_a-locale.o)
strlen                                            C:\CodeSourcery\Sourcery G++ Lite/arm-none-eabi/lib/thumb2\libc.a(lib_a-strlen.o)
                                                  C:\CodeSourcery\Sourcery G++ Lite/arm-none-eabi/lib/thumb2\libc.a(lib_a-svfiprintf.o)
                                                  C:\CodeSourcery\Sourcery G++ Lite/arm-none-eabi/lib/thumb2\libc.a(lib_a-svfprintf.o)
vsprintf                                          C:\CodeSourcery\Sourcery G++ Lite/arm-none-eabi/lib/thumb2\libc.a(lib_a-vsprintf.o)
                                                  uart.o
